Component: ARM Compiler 6.7 Tool: armlink [5c9ef700]

==============================================================================

Section Cross References

    startup_stm32f103xb.o(RESET) refers to startup_stm32f103xb.o(STACK) for __initial_sp
    startup_stm32f103xb.o(RESET) refers to startup_stm32f103xb.o(.text) for Reset_Handler
    startup_stm32f103xb.o(RESET) refers to stm32f1xx_it.o(.text.NMI_Handler) for NMI_Handler
    startup_stm32f103xb.o(RESET) refers to stm32f1xx_it.o(.text.HardFault_Handler) for HardFault_Handler
    startup_stm32f103xb.o(RESET) refers to stm32f1xx_it.o(.text.MemManage_Handler) for MemManage_Handler
    startup_stm32f103xb.o(RESET) refers to stm32f1xx_it.o(.text.BusFault_Handler) for BusFault_Handler
    startup_stm32f103xb.o(RESET) refers to stm32f1xx_it.o(.text.UsageFault_Handler) for UsageFault_Handler
    startup_stm32f103xb.o(RESET) refers to stm32f1xx_it.o(.text.SVC_Handler) for SVC_Handler
    startup_stm32f103xb.o(RESET) refers to stm32f1xx_it.o(.text.DebugMon_Handler) for DebugMon_Handler
    startup_stm32f103xb.o(RESET) refers to stm32f1xx_it.o(.text.PendSV_Handler) for PendSV_Handler
    startup_stm32f103xb.o(RESET) refers to stm32f1xx_it.o(.text.SysTick_Handler) for SysTick_Handler
    startup_stm32f103xb.o(RESET) refers to stm32f1xx_it.o(.text.DMA1_Channel2_IRQHandler) for DMA1_Channel2_IRQHandler
    startup_stm32f103xb.o(RESET) refers to stm32f1xx_it.o(.text.DMA1_Channel3_IRQHandler) for DMA1_Channel3_IRQHandler
    startup_stm32f103xb.o(RESET) refers to stm32f1xx_it.o(.text.ADC1_2_IRQHandler) for ADC1_2_IRQHandler
    startup_stm32f103xb.o(RESET) refers to stm32f1xx_it.o(.text.TIM3_IRQHandler) for TIM3_IRQHandler
    startup_stm32f103xb.o(RESET) refers to stm32f1xx_it.o(.text.EXTI15_10_IRQHandler) for EXTI15_10_IRQHandler
    startup_stm32f103xb.o(.text) refers to system_stm32f1xx.o(.text.SystemInit) for SystemInit
    startup_stm32f103xb.o(.text) refers to entry.o(.ARM.Collect$$$$00000000) for __main
    main.o(.text.set_pwm_duty) refers to f2d.o(.text) for __aeabi_f2d
    main.o(.text.set_pwm_duty) refers to dcmplt.o(.text) for __aeabi_dcmplt
    main.o(.text.set_pwm_duty) refers to d2f.o(.text) for __aeabi_d2f
    main.o(.text.set_pwm_duty) refers to tim.o(.bss.htim1) for htim1
    main.o(.text.set_pwm_duty) refers to ffltui.o(.text) for __aeabi_ui2f
    main.o(.text.set_pwm_duty) refers to fmul.o(.text) for __aeabi_fmul
    main.o(.text.set_pwm_duty) refers to ffixui.o(.text) for __aeabi_f2uiz
    main.o(.ARM.exidx.text.set_pwm_duty) refers to main.o(.text.set_pwm_duty) for [Anonymous Symbol]
    main.o(.text.main) refers to stm32f1xx_hal.o(.text.HAL_Init) for HAL_Init
    main.o(.text.main) refers to stm32f1xx_hal_rcc.o(.text.HAL_RCC_OscConfig) for HAL_RCC_OscConfig
    main.o(.text.main) refers to stm32f1xx_hal_rcc.o(.text.HAL_RCC_ClockConfig) for HAL_RCC_ClockConfig
    main.o(.text.main) refers to stm32f1xx_hal_rcc_ex.o(.text.HAL_RCCEx_PeriphCLKConfig) for HAL_RCCEx_PeriphCLKConfig
    main.o(.text.main) refers to gpio.o(.text.MX_GPIO_Init) for MX_GPIO_Init
    main.o(.text.main) refers to dma.o(.text.MX_DMA_Init) for MX_DMA_Init
    main.o(.text.main) refers to spi.o(.text.MX_SPI1_Init) for MX_SPI1_Init
    main.o(.text.main) refers to usart.o(.text.MX_USART2_UART_Init) for MX_USART2_UART_Init
    main.o(.text.main) refers to tim.o(.text.MX_TIM1_Init) for MX_TIM1_Init
    main.o(.text.main) refers to tim.o(.text.MX_TIM3_Init) for MX_TIM3_Init
    main.o(.text.main) refers to adc.o(.text.MX_ADC1_Init) for MX_ADC1_Init
    main.o(.text.main) refers to adc.o(.text.MX_ADC2_Init) for MX_ADC2_Init
    main.o(.text.main) refers to foc.o(.text.set_motor_pid) for set_motor_pid
    main.o(.text.main) refers to stm32f1xx_hal_gpio.o(.text.HAL_GPIO_WritePin) for HAL_GPIO_WritePin
    main.o(.text.main) refers to spi.o(.bss..L_MergedGlobals) for mt6701_rx_data
    main.o(.text.main) refers to spi.o(.bss..L_MergedGlobals.2) for hspi1
    main.o(.text.main) refers to stm32f1xx_hal_spi.o(.text.HAL_SPI_TransmitReceive_DMA) for HAL_SPI_TransmitReceive_DMA
    main.o(.text.main) refers to stm32f1xx_hal.o(.text.HAL_Delay) for HAL_Delay
    main.o(.text.main) refers to tim.o(.bss.htim1) for htim1
    main.o(.text.main) refers to stm32f1xx_hal_tim.o(.text.HAL_TIM_PWM_Start) for HAL_TIM_PWM_Start
    main.o(.text.main) refers to tim.o(.bss.htim3) for htim3
    main.o(.text.main) refers to stm32f1xx_hal_tim.o(.text.HAL_TIM_Base_Start_IT) for HAL_TIM_Base_Start_IT
    main.o(.text.main) refers to adc.o(.bss..L_MergedGlobals) for hadc1
    main.o(.text.main) refers to stm32f1xx_hal_adc_ex.o(.text.HAL_ADCEx_Calibration_Start) for HAL_ADCEx_Calibration_Start
    main.o(.text.main) refers to stm32f1xx_hal_adc_ex.o(.text.HAL_ADCEx_InjectedStart_IT) for HAL_ADCEx_InjectedStart_IT
    main.o(.text.main) refers to stm32f1xx_hal_adc_ex.o(.text.HAL_ADCEx_InjectedStart) for HAL_ADCEx_InjectedStart
[...]
    ../Drivers/STM32F1xx_HAL_Driver/Src/stm32f1xx_hal_rcc_ex.c 0x00000000   Number         0  stm32f1xx_hal_rcc_ex.o ABSOLUTE
    ../Drivers/STM32F1xx_HAL_Driver/Src/stm32f1xx_hal_spi.c 0x00000000   Number         0  stm32f1xx_hal_spi.o ABSOLUTE
    ../Drivers/STM32F1xx_HAL_Driver/Src/stm32f1xx_hal_tim.c 0x00000000   Number         0  stm32f1xx_hal_tim.o ABSOLUTE
    ../Drivers/STM32F1xx_HAL_Driver/Src/stm32f1xx_hal_tim_ex.c 0x00000000   Number         0  stm32f1xx_hal_tim_ex.o ABSOLUTE
    ../Drivers/STM32F1xx_HAL_Driver/Src/stm32f1xx_hal_uart.c 0x00000000   Number         0  stm32f1xx_hal_uart.o ABSOLUTE
    ../Drivers/motor/foc.c                   0x00000000   Number         0  foc.o ABSOLUTE
    ../Drivers/motor/motor_runtime_param.c   0x00000000   Number         0  motor_runtime_param.o ABSOLUTE
    ../algorithm/filter.c                    0x00000000   Number         0  filter.o ABSOLUTE
    ../clib/microlib/division.c              0x00000000   Number         0  uidiv.o ABSOLUTE
    ../clib/microlib/division.c              0x00000000   Number         0  uldiv.o ABSOLUTE
    ../clib/microlib/init/entry.s            0x00000000   Number         0  entry11b.o ABSOLUTE
    ../clib/microlib/init/entry.s            0x00000000   Number         0  entry11a.o ABSOLUTE
    ../clib/microlib/init/entry.s            0x00000000   Number         0  entry10b.o ABSOLUTE
    ../clib/microlib/init/entry.s            0x00000000   Number         0  entry5.o ABSOLUTE
    ../clib/microlib/init/entry.s            0x00000000   Number         0  entry10a.o ABSOLUTE
    ../clib/microlib/init/entry.s            0x00000000   Number         0  entry9b.o ABSOLUTE
    ../clib/microlib/init/entry.s            0x00000000   Number         0  entry7a.o ABSOLUTE
    ../clib/microlib/init/entry.s            0x00000000   Number         0  entry9a.o ABSOLUTE
    ../clib/microlib/init/entry.s            0x00000000   Number         0  entry8a.o ABSOLUTE
    ../clib/microlib/init/entry.s            0x00000000   Number         0  entry7b.o ABSOLUTE
    ../clib/microlib/init/entry.s            0x00000000   Number         0  entry8b.o ABSOLUTE
    ../clib/microlib/init/entry.s            0x00000000   Number         0  entry.o ABSOLUTE
    ../clib/microlib/init/entry.s            0x00000000   Number         0  entry2.o ABSOLUTE
    ../clib/microlib/longlong.c              0x00000000   Number         0  llsshr.o ABSOLUTE
    ../clib/microlib/longlong.c              0x00000000   Number         0  llshl.o ABSOLUTE
    ../clib/microlib/longlong.c              0x00000000   Number         0  llushr.o ABSOLUTE
    ../clib/microlib/printf/printf.c         0x00000000   Number         0  printf8.o ABSOLUTE
    ../clib/microlib/printf/printf.c         0x00000000   Number         0  printf7.o ABSOLUTE
    ../clib/microlib/printf/printf.c         0x00000000   Number         0  printf3.o ABSOLUTE
    ../clib/microlib/printf/printf.c         0x00000000   Number         0  printf1.o ABSOLUTE
    ../clib/microlib/printf/printf.c         0x00000000   Number         0  printf0.o ABSOLUTE
    ../clib/microlib/printf/printf.c         0x00000000   Number         0  printfb.o ABSOLUTE
    ../clib/microlib/printf/printf.c         0x00000000   Number         0  printfa.o ABSOLUTE
    ../clib/microlib/printf/printf.c         0x00000000   Number         0  printf2.o ABSOLUTE
    ../clib/microlib/printf/printf.c         0x00000000   Number         0  printf6.o ABSOLUTE
    ../clib/microlib/printf/printf.c         0x00000000   Number         0  printf5.o ABSOLUTE
    ../clib/microlib/printf/printf.c         0x00000000   Number         0  printf4.o ABSOLUTE
    ../clib/microlib/printf/stubs.s          0x00000000   Number         0  stubs.o ABSOLUTE
    ../clib/microlib/stdio/streams.c         0x00000000   Number         0  stdout.o ABSOLUTE
    ../clib/microlib/string/memset.c         0x00000000   Number         0  memseta.o ABSOLUTE
    ../clib/microlib/stubs.s                 0x00000000   Number         0  iusefp.o ABSOLUTE
    ../fplib/microlib/d2f.c                  0x00000000   Number         0  d2f.o ABSOLUTE
    ../fplib/microlib/f2d.c                  0x00000000   Number         0  f2d.o ABSOLUTE
    ../fplib/microlib/fpadd.c                0x00000000   Number         0  dadd.o ABSOLUTE
    ../fplib/microlib/fpadd.c                0x00000000   Number         0  fadd.o ABSOLUTE
    ../fplib/microlib/fpcmp.c                0x00000000   Number         0  fcmpgt.o ABSOLUTE
    ../fplib/microlib/fpcmp.c                0x00000000   Number         0  fcmpge.o ABSOLUTE
    ../fplib/microlib/fpcmp.c                0x00000000   Number         0  dcmplt.o ABSOLUTE
    ../fplib/microlib/fpcmp.c                0x00000000   Number         0  fcmplt.o ABSOLUTE
    ../fplib/microlib/fpcmp.c                0x00000000   Number         0  fcmple.o ABSOLUTE
    ../fplib/microlib/fpdiv.c                0x00000000   Number         0  ddiv.o ABSOLUTE
    ../fplib/microlib/fpdiv.c                0x00000000   Number         0  fdiv.o ABSOLUTE
    ../fplib/microlib/fpepilogue.c           0x00000000   Number         0  fepilogue.o ABSOLUTE
    ../fplib/microlib/fpepilogue.c           0x00000000   Number         0  depilogue.o ABSOLUTE
    ../fplib/microlib/fpfix.c                0x00000000   Number         0  ffixi.o ABSOLUTE
    ../fplib/microlib/fpfix.c                0x00000000   Number         0  ffixui.o ABSOLUTE
    ../fplib/microlib/fpfix.c                0x00000000   Number         0  dfixul.o ABSOLUTE
    ../fplib/microlib/fpflt.c                0x00000000   Number         0  dflti.o ABSOLUTE
    ../fplib/microlib/fpflt.c                0x00000000   Number         0  fflti.o ABSOLUTE
    ../fplib/microlib/fpflt.c                0x00000000   Number         0  ffltui.o ABSOLUTE
    ../fplib/microlib/fpmul.c                0x00000000   Number         0  dmul.o ABSOLUTE
    ../fplib/microlib/fpmul.c                0x00000000   Number         0  fmul.o ABSOLUTE
    arm_common_tables.c                      0x00000000   Number         0  arm_common_tables.o ABSOLUTE
    arm_cos_f32.c                            0x00000000   Number         0  arm_cos_f32.o ABSOLUTE
    arm_pid_init_f32.c                       0x00000000   Number         0  arm_pid_init_f32.o ABSOLUTE
    arm_sin_f32.c                            0x00000000   Number         0  arm_sin_f32.o ABSOLUTE
    cdrcmple.s                               0x00000000   Number         0  cdrcmple.o ABSOLUTE
    dc.s                                     0x00000000   Number         0  dc.o ABSOLUTE
    handlers.s                               0x00000000   Number         0  handlers.o ABSOLUTE
    init.s                                   0x00000000   Number         0  init.o ABSOLUTE
    startup_stm32f103xb.s                    0x00000000   Number         0  startup_stm32f103xb.o ABSOLUTE
    RESET                                    0x08000000   Section      236  startup_stm32f103xb.o(RESET)
    .ARM.Collect$$$$00000000                 0x080000ec   Section        0  entry.o(.ARM.Collect$$$$00000000)
    .ARM.Collect$$$$00000001                 0x080000ec   Section        4  entry2.o(.ARM.Collect$$$$00000001)
    .ARM.Collect$$$$00000004                 0x080000f0   Section        4  entry5.o(.ARM.Collect$$$$00000004)
    .ARM.Collect$$$$00000008                 0x080000f4   Section        0  entry7b.o(.ARM.Collect$$$$00000008)
    .ARM.Collect$$$$0000000A                 0x080000f4   Section        0  entry8b.o(.ARM.Collect$$$$0000000A)
    .ARM.Collect$$$$0000000B                 0x080000f4   Section        8  entry9a.o(.ARM.Collect$$$$0000000B)
    .ARM.Collect$$$$0000000D                 0x080000fc   Section        0  entry10a.o(.ARM.Collect$$$$0000000D)
    .ARM.Collect$$$$0000000F                 0x080000fc   Section        0  entry11a.o(.ARM.Collect$$$$0000000F)
    .ARM.Collect$$$$00002712                 0x080000fc   Section        4  entry2.o(.ARM.Collect$$$$00002712)
    __lit__00000000                          0x080000fc   Data           4  entry2.o(.ARM.Collect$$$$00002712)
    .text                                    0x08000100   Section       36  startup_stm32f103xb.o(.text)
    .text                                    0x08000124   Section        0  fadd.o(.text)
    .text                                    0x080001d4   Section        0  fmul.o(.text)
    .text                                    0x08000238   Section        0  fdiv.o(.text)
    .text                                    0x080002b4   Section        0  dadd.o(.text)
    .text                                    0x08000402   Section        0  dmul.o(.text)
    .text                                    0x080004e6   Section        0  ddiv.o(.text)
    .text                                    0x080005c4   Section        0  fcmple.o(.text)
    .text                                    0x080005e0   Section        0  fcmplt.o(.text)
    .text                                    0x080005fc   Section        0  fcmpge.o(.text)
    .text                                    0x08000618   Section        0  fcmpgt.o(.text)
    .text                                    0x08000634   Section        0  dcmplt.o(.text)
    .text                                    0x0800066a   Section        0  fflti.o(.text)
    .text                                    0x0800067c   Section        0  ffltui.o(.text)
    .text                                    0x08000686   Section        0  dflti.o(.text)
    .text                                    0x080006a8   Section        0  ffixi.o(.text)
    .text                                    0x080006da   Section        0  ffixui.o(.text)
    .text                                    0x08000702   Section        0  f2d.o(.text)
    .text                                    0x08000728   Section        0  d2f.o(.text)
    .text                                    0x08000760   Section        0  uidiv.o(.text)
    .text                                    0x0800078c   Section        0  uldiv.o(.text)
    .text                                    0x080007ee   Section        0  llshl.o(.text)
    .text                                    0x0800080c   Section        0  llsshr.o(.text)
    .text                                    0x08000830   Section        0  iusefp.o(.text)
    .text                                    0x08000830   Section        0  fepilogue.o(.text)
    .text                                    0x0800089e   Section        0  depilogue.o(.text)
    .text                                    0x08000958   Section        0  dfixul.o(.text)
    .text                                    0x08000988   Section       48  cdrcmple.o(.text)
    .text                                    0x080009b8   Section       36  init.o(.text)
    .text                                    0x080009dc   Section        0  llushr.o(.text)
    [Anonymous Symbol]                       0x080009fc   Section        0  stm32f1xx_it.o(.text.ADC1_2_IRQHandler)
    [Anonymous Symbol]                       0x08000a1c   Section        0  stm32f1xx_hal_adc.o(.text.ADC_ConversionStop_Disable)
    [Anonymous Symbol]                       0x08000a7c   Section        0  stm32f1xx_hal_adc.o(.text.ADC_Enable)
    [Anonymous Symbol]                       0x08000b08   Section        0  stm32f1xx_it.o(.text.BusFault_Handler)
    [Anonymous Symbol]                       0x08000b0c   Section        0  stm32f1xx_it.o(.text.DMA1_Channel2_IRQHandler)
    [Anonymous Symbol]                       0x08000b18   Section        0  stm32f1xx_it.o(.text.DMA1_Channel3_IRQHandler)
    [Anonymous Symbol]                       0x08000b24   Section        0  stm32f1xx_it.o(.text.DebugMon_Handler)
    [Anonymous Symbol]                       0x08000b28   Section        0  stm32f1xx_it.o(.text.EXTI15_10_IRQHandler)
    [Anonymous Symbol]                       0x08000b30   Section        0  main.o(.text.Error_Handler)
    [Anonymous Symbol]                       0x08000b3c   Section        0  stm32f1xx_hal_adc_ex.o(.text.HAL_ADCEx_Calibration_Start)
    [Anonymous Symbol]                       0x08000c20   Section        0  stm32f1xx_hal_adc_ex.o(.text.HAL_ADCEx_InjectedConfigChannel)
    [Anonymous Symbol]                       0x08000dfc   Section        0  adc.o(.text.HAL_ADCEx_InjectedConvCpltCallback)
    [Anonymous Symbol]                       0x08001004   Section        0  stm32f1xx_hal_adc_ex.o(.text.HAL_ADCEx_InjectedGetValue)
    [Anonymous Symbol]                       0x0800102c   Section        0  stm32f1xx_hal_adc_ex.o(.text.HAL_ADCEx_InjectedStart)
    [Anonymous Symbol]                       0x080010e0   Section        0  stm32f1xx_hal_adc_ex.o(.text.HAL_ADCEx_InjectedStart_IT)
    [Anonymous Symbol]                       0x0800119c   Section        0  stm32f1xx_hal_adc_ex.o(.text.HAL_ADCEx_MultiModeConfigChannel)
    [Anonymous Symbol]                       0x08001204   Section        0  stm32f1xx_hal_adc.o(.text.HAL_ADC_ConvCpltCallback)
    [Anonymous Symbol]                       0x08001208   Section        0  stm32f1xx_hal_adc.o(.text.HAL_ADC_IRQHandler)
    [Anonymous Symbol]                       0x08001300   Section        0  stm32f1xx_hal_adc.o(.text.HAL_ADC_Init)
    [Anonymous Symbol]                       0x0800145c   Section        0  stm32f1xx_hal_adc.o(.text.HAL_ADC_LevelOutOfWindowCallback)
    [Anonymous Symbol]                       0x08001460   Section        0  adc.o(.text.HAL_ADC_MspInit)
    [Anonymous Symbol]                       0x08001524   Section        0  stm32f1xx_hal_dma.o(.text.HAL_DMA_IRQHandler)
    [Anonymous Symbol]                       0x080016a4   Section        0  stm32f1xx_hal_dma.o(.text.HAL_DMA_Init)
    [Anonymous Symbol]                       0x08001728   Section        0  stm32f1xx_hal_dma.o(.text.HAL_DMA_Start_IT)
    [Anonymous Symbol]                       0x080017cc   Section        0  stm32f1xx_hal.o(.text.HAL_Delay)
    [Anonymous Symbol]                       0x080017f8   Section        0  stm32f1xx_hal_gpio.o(.text.HAL_GPIO_EXTI_Callback)
    [Anonymous Symbol]                       0x080017fc   Section        0  stm32f1xx_hal_gpio.o(.text.HAL_GPIO_EXTI_IRQHandler)
    [Anonymous Symbol]                       0x08001814   Section        0  stm32f1xx_hal_gpio.o(.text.HAL_GPIO_Init)
    [Anonymous Symbol]                       0x08001a38   Section        0  stm32f1xx_hal_gpio.o(.text.HAL_GPIO_WritePin)
    [Anonymous Symbol]                       0x08001a44   Section        0  stm32f1xx_hal.o(.text.HAL_GetTick)
    [Anonymous Symbol]                       0x08001a50   Section        0  stm32f1xx_hal.o(.text.HAL_IncTick)
    [Anonymous Symbol]                       0x08001a64   Section        0  stm32f1xx_hal.o(.text.HAL_Init)
    [Anonymous Symbol]                       0x08001a8c   Section        0  stm32f1xx_hal.o(.text.HAL_InitTick)
    [Anonymous Symbol]                       0x08001ad0   Section        0  stm32f1xx_hal_msp.o(.text.HAL_MspInit)
    [Anonymous Symbol]                       0x08001b14   Section        0  stm32f1xx_hal_cortex.o(.text.HAL_NVIC_EnableIRQ)
    [Anonymous Symbol]                       0x08001b34   Section        0  stm32f1xx_hal_cortex.o(.text.HAL_NVIC_SetPriority)
    [Anonymous Symbol]                       0x08001b98   Section        0  stm32f1xx_hal_cortex.o(.text.HAL_NVIC_SetPriorityGrouping)
    [Anonymous Symbol]                       0x08001bb8   Section        0  stm32f1xx_hal_rcc_ex.o(.text.HAL_RCCEx_GetPeriphCLKFreq)
    HAL_RCCEx_GetPeriphCLKFreq.aPLLMULFactorTable 0x08001c88   Number         0  stm32f1xx_hal_rcc_ex.o(.text.HAL_RCCEx_GetPeriphCLKFreq)
    HAL_RCCEx_GetPeriphCLKFreq.aPredivFactorTable 0x08001c98   Number         0  stm32f1xx_hal_rcc_ex.o(.text.HAL_RCCEx_GetPeriphCLKFreq)
    [Anonymous Symbol]                       0x08001c9c   Section        0  stm32f1xx_hal_rcc_ex.o(.text.HAL_RCCEx_PeriphCLKConfig)
    [Anonymous Symbol]                       0x08001db0   Section        0  stm32f1xx_hal_rcc.o(.text.HAL_RCC_ClockConfig)
    HAL_RCC_GetSysClockFreq.aPredivFactorTable 0x08001f60   Number         0  stm32f1xx_hal_rcc.o(.text.HAL_RCC_ClockConfig)
    [Anonymous Symbol]                       0x08001f64   Section        0  stm32f1xx_hal_rcc.o(.text.HAL_RCC_GetPCLK1Freq)
    [Anonymous Symbol]                       0x08001f8c   Section        0  stm32f1xx_hal_rcc.o(.text.HAL_RCC_GetPCLK2Freq)
    [Anonymous Symbol]                       0x08001fb4   Section        0  stm32f1xx_hal_rcc.o(.text.HAL_RCC_OscConfig)
    [Anonymous Symbol]                       0x08002394   Section        0  spi.o(.text.HAL_SPI_ErrorCallback)
    [Anonymous Symbol]                       0x08002400   Section        0  stm32f1xx_hal_spi.o(.text.HAL_SPI_Init)
    [Anonymous Symbol]                       0x080024bc   Section        0  spi.o(.text.HAL_SPI_MspInit)
    [Anonymous Symbol]                       0x080025a4   Section        0  stm32f1xx_hal_spi.o(.text.HAL_SPI_RxCpltCallback)
    [Anonymous Symbol]                       0x080025a8   Section        0  stm32f1xx_hal_spi.o(.text.HAL_SPI_RxHalfCpltCallback)
    [Anonymous Symbol]                       0x080025ac   Section        0  stm32f1xx_hal_spi.o(.text.HAL_SPI_TransmitReceive_DMA)
    [Anonymous Symbol]                       0x080026d0   Section        0  spi.o(.text.HAL_SPI_TxRxCpltCallback)
    [Anonymous Symbol]                       0x08002800   Section        0  stm32f1xx_hal_spi.o(.text.HAL_SPI_TxRxHalfCpltCallback)
    [Anonymous Symbol]                       0x08002804   Section        0  stm32f1xx_hal_cortex.o(.text.HAL_SYSTICK_Config)
    [Anonymous Symbol]                       0x08002830   Section        0  stm32f1xx_hal_tim_ex.o(.text.HAL_TIMEx_BreakCallback)
    [Anonymous Symbol]                       0x08002834   Section        0  stm32f1xx_hal_tim_ex.o(.text.HAL_TIMEx_CommutCallback)
    [Anonymous Symbol]                       0x08002838   Section        0  stm32f1xx_hal_tim_ex.o(.text.HAL_TIMEx_ConfigBreakDeadTime)
    [Anonymous Symbol]                       0x0800288c   Section        0  stm32f1xx_hal_tim_ex.o(.text.HAL_TIMEx_MasterConfigSynchronization)
    [Anonymous Symbol]                       0x08002904   Section        0  stm32f1xx_hal_tim.o(.text.HAL_TIM_Base_Init)
    [Anonymous Symbol]                       0x080029ec   Section        0  tim.o(.text.HAL_TIM_Base_MspInit)
    [Anonymous Symbol]                       0x08002a50   Section        0  stm32f1xx_hal_tim.o(.text.HAL_TIM_Base_Start_IT)
    [Anonymous Symbol]                       0x08002ab8   Section        0  stm32f1xx_hal_tim.o(.text.HAL_TIM_ConfigClockSource)
    [Anonymous Symbol]                       0x08002c58   Section        0  stm32f1xx_hal_tim.o(.text.HAL_TIM_IC_CaptureCallback)
    [Anonymous Symbol]                       0x08002c5c   Section        0  stm32f1xx_hal_tim.o(.text.HAL_TIM_IRQHandler)
    [Anonymous Symbol]                       0x08002d78   Section        0  stm32f1xx_hal_tim.o(.text.HAL_TIM_OC_DelayElapsedCallback)
    [Anonymous Symbol]                       0x08002d7c   Section        0  stm32f1xx_hal_tim.o(.text.HAL_TIM_PWM_ConfigChannel)
    [Anonymous Symbol]                       0x08002f70   Section        0  stm32f1xx_hal_tim.o(.text.HAL_TIM_PWM_Init)
    [Anonymous Symbol]                       0x08003058   Section        0  stm32f1xx_hal_tim.o(.text.HAL_TIM_PWM_MspInit)
    [Anonymous Symbol]                       0x0800305c   Section        0  stm32f1xx_hal_tim.o(.text.HAL_TIM_PWM_PulseFinishedCallback)
    [Anonymous Symbol]                       0x08003060   Section        0  stm32f1xx_hal_tim.o(.text.HAL_TIM_PWM_Start)
    [Anonymous Symbol]                       0x0800311c   Section        0  tim.o(.text.HAL_TIM_PeriodElapsedCallback)
    [Anonymous Symbol]                       0x080031a8   Section        0  stm32f1xx_hal_tim.o(.text.HAL_TIM_TriggerCallback)
    [Anonymous Symbol]                       0x080031ac   Section        0  stm32f1xx_hal_uart.o(.text.HAL_UART_Init)
    [Anonymous Symbol]                       0x0800328c   Section        0  usart.o(.text.HAL_UART_MspInit)
    [Anonymous Symbol]                       0x08003308   Section        0  stm32f1xx_hal_uart.o(.text.HAL_UART_Transmit)
    [Anonymous Symbol]                       0x08003468   Section        0  stm32f1xx_it.o(.text.HardFault_Handler)
    [Anonymous Symbol]                       0x0800346c   Section        0  adc.o(.text.MX_ADC1_Init)
    [Anonymous Symbol]                       0x08003500   Section        0  adc.o(.text.MX_ADC2_Init)
    [Anonymous Symbol]                       0x08003570   Section        0  dma.o(.text.MX_DMA_Init)
    [Anonymous Symbol]                       0x080035b4   Section        0  gpio.o(.text.MX_GPIO_Init)
    [Anonymous Symbol]                       0x08003678   Section        0  spi.o(.text.MX_SPI1_Init)
    [Anonymous Symbol]                       0x080036c4   Section        0  tim.o(.text.MX_TIM1_Init)
    [Anonymous Symbol]                       0x08003840   Section        0  tim.o(.text.MX_TIM3_Init)
    [Anonymous Symbol]                       0x080038bc   Section        0  usart.o(.text.MX_USART2_UART_Init)
    [Anonymous Symbol]                       0x080038f8   Section        0  stm32f1xx_it.o(.text.MemManage_Handler)
    [Anonymous Symbol]                       0x080038fc   Section        0  stm32f1xx_it.o(.text.NMI_Handler)
    [Anonymous Symbol]                       0x08003900   Section        0  stm32f1xx_it.o(.text.PendSV_Handler)
    [Anonymous Symbol]                       0x08003904   Section        0  stm32f1xx_hal_spi.o(.text.SPI_DMAError)
    SPI_DMAError                             0x08003905   Thumb Code    30  stm32f1xx_hal_spi.o(.text.SPI_DMAError)
    [Anonymous Symbol]                       0x08003924   Section        0  stm32f1xx_hal_spi.o(.text.SPI_DMAHalfReceiveCplt)
    SPI_DMAHalfReceiveCplt                   0x08003925   Thumb Code     6  stm32f1xx_hal_spi.o(.text.SPI_DMAHalfReceiveCplt)
    [Anonymous Symbol]                       0x0800392c   Section        0  stm32f1xx_hal_spi.o(.text.SPI_DMAHalfTransmitReceiveCplt)
    SPI_DMAHalfTransmitReceiveCplt           0x0800392d   Thumb Code     6  stm32f1xx_hal_spi.o(.text.SPI_DMAHalfTransmitReceiveCplt)
    [Anonymous Symbol]                       0x08003934   Section        0  stm32f1xx_hal_spi.o(.text.SPI_DMAReceiveCplt)
    SPI_DMAReceiveCplt                       0x08003935   Thumb Code   174  stm32f1xx_hal_spi.o(.text.SPI_DMAReceiveCplt)
    [Anonymous Symbol]                       0x080039e4   Section        0  stm32f1xx_hal_spi.o(.text.SPI_DMATransmitReceiveCplt)
    SPI_DMATransmitReceiveCplt               0x080039e5   Thumb Code   132  stm32f1xx_hal_spi.o(.text.SPI_DMATransmitReceiveCplt)
    [Anonymous Symbol]                       0x08003a68   Section        0  stm32f1xx_hal_spi.o(.text.SPI_WaitFlagStateUntilTimeout)
    SPI_WaitFlagStateUntilTimeout            0x08003a69   Thumb Code   246  stm32f1xx_hal_spi.o(.text.SPI_WaitFlagStateUntilTimeout)
    [Anonymous Symbol]                       0x08003b60   Section        0  stm32f1xx_it.o(.text.SVC_Handler)
    [Anonymous Symbol]                       0x08003b64   Section        0  stm32f1xx_it.o(.text.SysTick_Handler)
    [Anonymous Symbol]                       0x08003b68   Section        0  system_stm32f1xx.o(.text.SystemInit)
    [Anonymous Symbol]                       0x08003b6c   Section        0  stm32f1xx_it.o(.text.TIM3_IRQHandler)
    [Anonymous Symbol]                       0x08003b78   Section        0  stm32f1xx_it.o(.text.UsageFault_Handler)
    [Anonymous Symbol]                       0x08003b7a   Section        0  arm_cos_f32.o(.text.arm_cos_f32)
    [Anonymous Symbol]                       0x08003c26   Section        0  arm_pid_init_f32.o(.text.arm_pid_init_f32)
    [Anonymous Symbol]                       0x08003c68   Section        0  arm_sin_f32.o(.text.arm_sin_f32)
    [Anonymous Symbol]                       0x08003d0c   Section        0  spi.o(.text.calculate_crc)
    [Anonymous Symbol]                       0x08003e60   Section        0  foc.o(.text.cycle_diff)
    [Anonymous Symbol]                       0x08003ea4   Section        0  foc.o(.text.foc_forward)
    svpwm.K_to_sector                        0x08004108   Number         0  foc.o(.text.foc_forward)
    [Anonymous Symbol]                       0x08004128   Section        0  usart.o(.text.fputc)
    [Anonymous Symbol]                       0x08004150   Section        0  foc.o(.text.lib_position_control)
    [Anonymous Symbol]                       0x08004188   Section        0  foc.o(.text.lib_position_speed_torque_control)
    [Anonymous Symbol]                       0x08004230   Section        0  foc.o(.text.lib_speed_control)
    [Anonymous Symbol]                       0x08004268   Section        0  foc.o(.text.lib_speed_torque_control)
    [Anonymous Symbol]                       0x080042c8   Section        0  foc.o(.text.lib_torque_control)
    [Anonymous Symbol]                       0x08004488   Section        0  filter.o(.text.low_pass_filter)
    [Anonymous Symbol]                       0x080044dc   Section        0  main.o(.text.main)
    [Anonymous Symbol]                       0x08004730   Section        0  foc.o(.text.position_loop)
    position_loop                            0x08004731   Thumb Code   164  foc.o(.text.position_loop)
    [Anonymous Symbol]                       0x080047d4   Section        0  foc.o(.text.set_motor_pid)
    [Anonymous Symbol]                       0x08004838   Section        0  main.o(.text.set_pwm_duty)
    [Anonymous Symbol]                       0x0800490c   Section        0  foc.o(.text.speed_loop)
    speed_loop                               0x0800490d   Thumb Code   104  foc.o(.text.speed_loop)
    i.__0printf                              0x08004974   Section        0  printfa.o(i.__0printf)
    i.__scatterload_copy                     0x08004994   Section       14  handlers.o(i.__scatterload_copy)
    i.__scatterload_null                     0x080049a2   Section        2  handlers.o(i.__scatterload_null)
    i.__scatterload_zeroinit                 0x080049a4   Section       14  handlers.o(i.__scatterload_zeroinit)
    i._fp_digits                             0x080049b4   Section        0  printfa.o(i._fp_digits)
    _fp_digits                               0x080049b5   Thumb Code   366  printfa.o(i._fp_digits)
    i._printf_core                           0x08004b38   Section        0  printfa.o(i._printf_core)
    _printf_core                             0x08004b39   Thumb Code  1744  printfa.o(i._printf_core)
    i._printf_post_padding                   0x08005214   Section        0  printfa.o(i._printf_post_padding)
    _printf_post_padding                     0x08005215   Thumb Code    36  printfa.o(i._printf_post_padding)
    i._printf_pre_padding                    0x08005238   Section        0  printfa.o(i._printf_pre_padding)
    _printf_pre_padding                      0x08005239   Thumb Code    46  printfa.o(i._printf_pre_padding)
    HAL_RCC_GetSysClockFreq.aPLLMULFactorTable 0x0800527e   Data          16  stm32f1xx_hal_rcc.o(.rodata.cst16)
    [Anonymous Symbol]                       0x08005a94   Section        0  foc.o(.rodata.svpwm.v)
    svpwm.v                                  0x08005a94   Data          72  foc.o(.rodata.svpwm.v)
    .data                                    0x20000000   Section        4  stdout.o(.data)
    [Anonymous Symbol]                       0x20000004   Section        0  stm32f1xx_hal.o(.data..L_MergedGlobals)
    .L_MergedGlobals                         0x20000004   Data          12  stm32f1xx_hal.o(.data..L_MergedGlobals)
    [Anonymous Symbol]                       0x20000020   Section        0  adc.o(.bss..L_MergedGlobals)
    .L_MergedGlobals                         0x20000020   Data          96  adc.o(.bss..L_MergedGlobals)
    [Anonymous Symbol]                       0x20000080   Section        0  spi.o(.bss..L_MergedGlobals)
    .L_MergedGlobals                         0x20000080   Data          72  spi.o(.bss..L_MergedGlobals)
    [Anonymous Symbol]                       0x200000d0   Section        0  foc.o(.bss..L_MergedGlobals)
    .L_MergedGlobals                         0x200000d0   Data         108  foc.o(.bss..L_MergedGlobals)
    [Anonymous Symbol]                       0x20000140   Section        0  spi.o(.bss..L_MergedGlobals.1)
    .L_MergedGlobals.1                       0x20000140   Data          68  spi.o(.bss..L_MergedGlobals.1)
    [Anonymous Symbol]                       0x20000190   Section        0  foc.o(.bss..L_MergedGlobals.1)
    .L_MergedGlobals.1                       0x20000190   Data          36  foc.o(.bss..L_MergedGlobals.1)
    [Anonymous Symbol]                       0x200001c0   Section        0  spi.o(.bss..L_MergedGlobals.2)
    .L_MergedGlobals.2                       0x200001c0   Data          88  spi.o(.bss..L_MergedGlobals.2)
    [Anonymous Symbol]                       0x20000218   Section        0  spi.o(.bss.HAL_SPI_TxRxCpltCallback.encoder_angle_last)
    HAL_SPI_TxRxCpltCallback.encoder_angle_last 0x20000218   Data           4  spi.o(.bss.HAL_SPI_TxRxCpltCallback.encoder_angle_last)
    HAL_SPI_TxRxCpltCallback.once            0x2000021c   Data           1  spi.o(.bss.HAL_SPI_TxRxCpltCallback.once)
    [Anonymous Symbol]                       0x20000220   Section        0  tim.o(.bss.HAL_TIM_PeriodElapsedCallback.encoder_angle_last)
    HAL_TIM_PeriodElapsedCallback.encoder_angle_last 0x20000220   Data           4  tim.o(.bss.HAL_TIM_PeriodElapsedCallback.encoder_angle_last)
    HAL_TIM_PeriodElapsedCallback.once       0x20000224   Data           1  tim.o(.bss.HAL_TIM_PeriodElapsedCallback.once)
    STACK                                    0x20000340   Section     1024  startup_stm32f103xb.o(STACK)

    Global Symbols

    Symbol Name                              Value     Ov Type        Size  Object(Section)

    BuildAttributes$$THM_ISAv4$P$D$K$B$S$PE$A:L22UL41UL21$X:L11$S22US41US21$IEEE1$IW$~IW$USESV6$~STKCKD$USESV7$~SHL$OTIME$ROPI$EBA8$MICROLIB$REQ8$PRES8$EABIv2 0x00000000   Number         0  anon$$obj.o ABSOLUTE
    _printf_a                                0x00000000   Number         0  stubs.o ABSOLUTE
    _printf_c                                0x00000000   Number         0  stubs.o ABSOLUTE
    _printf_charcount                        0x00000000   Number         0  stubs.o ABSOLUTE
    _printf_d                                0x00000000   Number         0  stubs.o ABSOLUTE
    _printf_e                                0x00000000   Number         0  stubs.o ABSOLUTE
    _printf_f                                0x00000000   Number         0  stubs.o ABSOLUTE
    _printf_flags                            0x00000000   Number         0  stubs.o ABSOLUTE
    _printf_fp_dec                           0x00000000   Number         0  stubs.o ABSOLUTE
    _printf_fp_hex                           0x00000000   Number         0  stubs.o ABSOLUTE
    _printf_g                                0x00000000   Number         0  stubs.o ABSOLUTE
    _printf_i                                0x00000000   Number         0  stubs.o ABSOLUTE
    _printf_int_dec                          0x00000000   Number         0  stubs.o ABSOLUTE
    _printf_l                                0x00000000   Number         0  stubs.o ABSOLUTE
    _printf_lc                               0x00000000   Number         0  stubs.o ABSOLUTE
    _printf_ll                               0x00000000   Number         0  stubs.o ABSOLUTE
    _printf_lld                              0x00000000   Number         0  stubs.o ABSOLUTE
    _printf_lli                              0x00000000   Number         0  stubs.o ABSOLUTE
    _printf_llo                              0x00000000   Number         0  stubs.o ABSOLUTE
    _printf_llu                              0x00000000   Number         0  stubs.o ABSOLUTE
    _printf_llx                              0x00000000   Number         0  stubs.o ABSOLUTE
    _printf_longlong_dec                     0x00000000   Number         0  stubs.o ABSOLUTE
    _printf_longlong_hex                     0x00000000   Number         0  stubs.o ABSOLUTE
    _printf_longlong_oct                     0x00000000   Number         0  stubs.o ABSOLUTE
    _printf_ls                               0x00000000   Number         0  stubs.o ABSOLUTE
    _printf_mbtowc                           0x00000000   Number         0  stubs.o ABSOLUTE
    _printf_n                                0x00000000   Number         0  stubs.o ABSOLUTE
    _printf_o                                0x00000000   Number         0  stubs.o ABSOLUTE
    _printf_p                                0x00000000   Number         0  stubs.o ABSOLUTE
    _printf_percent                          0x00000000   Number         0  stubs.o ABSOLUTE
    _printf_pre_padding                      0x00000000   Number         0  stubs.o ABSOLUTE
    _printf_return_value                     0x00000000   Number         0  stubs.o ABSOLUTE
    _printf_s                                0x00000000   Number         0  stubs.o ABSOLUTE
    _printf_sizespec                         0x00000000   Number         0  stubs.o ABSOLUTE
    _printf_str                              0x00000000   Number         0  stubs.o ABSOLUTE
    _printf_truncate_signed                  0x00000000   Number         0  stubs.o ABSOLUTE
    _printf_truncate_unsigned                0x00000000   Number         0  stubs.o ABSOLUTE
    _printf_u                                0x00000000   Number         0  stubs.o ABSOLUTE
    _printf_wc                               0x00000000   Number         0  stubs.o ABSOLUTE
    _printf_wctomb                           0x00000000   Number         0  stubs.o ABSOLUTE
    _printf_widthprec                        0x00000000   Number         0  stubs.o ABSOLUTE
    _printf_x                                0x00000000   Number         0  stubs.o ABSOLUTE
    __cpp_initialize__aeabi_                  - Undefined Weak Reference
    __cxa_finalize                            - Undefined Weak Reference
    __decompress                              - Undefined Weak Reference
    _clock_init                               - Undefined Weak Reference
    _microlib_exit                            - Undefined Weak Reference
    __Vectors_Size                           0x000000ec   Number         0  startup_stm32f103xb.o ABSOLUTE
    __Vectors                                0x08000000   Data           4  startup_stm32f103xb.o(RESET)
    __Vectors_End                            0x080000ec   Data           0  startup_stm32f103xb.o(RESET)
    __main                                   0x080000ed   Thumb Code     0  entry.o(.ARM.Collect$$$$00000000)
    _main_stk                                0x080000ed   Thumb Code     0  entry2.o(.ARM.Collect$$$$00000001)
    _main_scatterload                        0x080000f1   Thumb Code     0  entry5.o(.ARM.Collect$$$$00000004)
    __main_after_scatterload                 0x080000f5   Thumb Code     0  entry5.o(.ARM.Collect$$$$00000004)
    _main_clock                              0x080000f5   Thumb Code     0  entry7b.o(.ARM.Collect$$$$00000008)
    _main_cpp_init                           0x080000f5   Thumb Code     0  entry8b.o(.ARM.Collect$$$$0000000A)
    _main_init                               0x080000f5   Thumb Code     0  entry9a.o(.ARM.Collect$$$$0000000B)
    __rt_final_cpp                           0x080000fd   Thumb Code     0  entry10a.o(.ARM.Collect$$$$0000000D)
    __rt_final_exit                          0x080000fd   Thumb Code     0  entry11a.o(.ARM.Collect$$$$0000000F)
    Reset_Handler                            0x08000101   Thumb Code     8  startup_stm32f103xb.o(.text)
    CAN1_RX1_IRQHandler                      0x0800011b   Thumb Code     0  startup_stm32f103xb.o(.text)
    CAN1_SCE_IRQHandler                      0x0800011b   Thumb Code     0  startup_stm32f103xb.o(.text)
    DMA1_Channel1_IRQHandler                 0x0800011b   Thumb Code     0  startup_stm32f103xb.o(.text)
    DMA1_Channel4_IRQHandler                 0x0800011b   Thumb Code     0  startup_stm32f103xb.o(.text)
    DMA1_Channel5_IRQHandler                 0x0800011b   Thumb Code     0  startup_stm32f103xb.o(.text)
    DMA1_Channel6_IRQHandler                 0x0800011b   Thumb Code     0  startup_stm32f103xb.o(.text)
    DMA1_Channel7_IRQHandler                 0x0800011b   Thumb Code     0  startup_stm32f103xb.o(.text)
    EXTI0_IRQHandler                         0x0800011b   Thumb Code     0  startup_stm32f103xb.o(.text)
    EXTI1_IRQHandler                         0x0800011b   Thumb Code     0  startup_stm32f103xb.o(.text)
    EXTI2_IRQHandler                         0x0800011b   Thumb Code     0  startup_stm32f103xb.o(.text)
    EXTI3_IRQHandler                         0x0800011b   Thumb Code     0  startup_stm32f103xb.o(.text)
    EXTI4_IRQHandler                         0x0800011b   Thumb Code     0  startup_stm32f103xb.o(.text)
    EXTI9_5_IRQHandler                       0x0800011b   Thumb Code     0  startup_stm32f103xb.o(.text)
    FLASH_IRQHandler                         0x0800011b   Thumb Code     0  startup_stm32f103xb.o(.text)
    I2C1_ER_IRQHandler                       0x0800011b   Thumb Code     0  startup_stm32f103xb.o(.text)
    I2C1_EV_IRQHandler                       0x0800011b   Thumb Code     0  startup_stm32f103xb.o(.text)
    I2C2_ER_IRQHandler                       0x0800011b   Thumb Code     0  startup_stm32f103xb.o(.text)
    I2C2_EV_IRQHandler                       0x0800011b   Thumb Code     0  startup_stm32f103xb.o(.text)
    PVD_IRQHandler                           0x0800011b   Thumb Code     0  startup_stm32f103xb.o(.text)
    RCC_IRQHandler                           0x0800011b   Thumb Code     0  startup_stm32f103xb.o(.text)
    RTC_Alarm_IRQHandler                     0x0800011b   Thumb Code     0  startup_stm32f103xb.o(.text)
    RTC_IRQHandler                           0x0800011b   Thumb Code     0  startup_stm32f103xb.o(.text)
    SPI1_IRQHandler                          0x0800011b   Thumb Code     0  startup_stm32f103xb.o(.text)
    SPI2_IRQHandler                          0x0800011b   Thumb Code     0  startup_stm32f103xb.o(.text)
    TAMPER_IRQHandler                        0x0800011b   Thumb Code     0  startup_stm32f103xb.o(.text)
    TIM1_BRK_IRQHandler                      0x0800011b   Thumb Code     0  startup_stm32f103xb.o(.text)
    TIM1_CC_IRQHandler                       0x0800011b   Thumb Code     0  startup_stm32f103xb.o(.text)
    TIM1_TRG_COM_IRQHandler                  0x0800011b   Thumb Code     0  startup_stm32f103xb.o(.text)
    TIM1_UP_IRQHandler                       0x0800011b   Thumb Code     0  startup_stm32f103xb.o(.text)
    TIM2_IRQHandler                          0x0800011b   Thumb Code     0  startup_stm32f103xb.o(.text)
    TIM4_IRQHandler                          0x0800011b   Thumb Code     0  startup_stm32f103xb.o(.text)
    USART1_IRQHandler                        0x0800011b   Thumb Code     0  startup_stm32f103xb.o(.text)
    USART2_IRQHandler                        0x0800011b   Thumb Code     0  startup_stm32f103xb.o(.text)
    USART3_IRQHandler                        0x0800011b   Thumb Code     0  startup_stm32f103xb.o(.text)
    USBWakeUp_IRQHandler                     0x0800011b   Thumb Code     0  startup_stm32f103xb.o(.text)
    USB_HP_CAN1_TX_IRQHandler                0x0800011b   Thumb Code     0  startup_stm32f103xb.o(.text)
    USB_LP_CAN1_RX0_IRQHandler               0x0800011b   Thumb Code     0  startup_stm32f103xb.o(.text)
    WWDG_IRQHandler                          0x0800011b   Thumb Code     0  startup_stm32f103xb.o(.text)
    __aeabi_fadd                             0x08000125   Thumb Code   164  fadd.o(.text)
    __aeabi_fsub                             0x080001c9   Thumb Code     6  fadd.o(.text)
    __aeabi_frsub                            0x080001cf   Thumb Code     6  fadd.o(.text)
    __aeabi_fmul                             0x080001d5   Thumb Code   100  fmul.o(.text)
    __aeabi_fdiv                             0x08000239   Thumb Code   124  fdiv.o(.text)
    __aeabi_dadd                             0x080002b5   Thumb Code   322  dadd.o(.text)
    __aeabi_dsub                             0x080003f7   Thumb Code     6  dadd.o(.text)
    __aeabi_drsub                            0x080003fd   Thumb Code     6  dadd.o(.text)
    __aeabi_dmul                             0x08000403   Thumb Code   228  dmul.o(.text)
    __aeabi_ddiv                             0x080004e7   Thumb Code   222  ddiv.o(.text)
    __aeabi_fcmple                           0x080005c5   Thumb Code    28  fcmple.o(.text)
    __aeabi_fcmplt                           0x080005e1   Thumb Code    28  fcmplt.o(.text)
    __aeabi_fcmpge                           0x080005fd   Thumb Code    28  fcmpge.o(.text)
    __aeabi_fcmpgt                           0x08000619   Thumb Code    28  fcmpgt.o(.text)
    __aeabi_dcmplt                           0x08000635   Thumb Code    54  dcmplt.o(.text)
    __aeabi_i2f                              0x0800066b   Thumb Code    18  fflti.o(.text)
    __aeabi_ui2f                             0x0800067d   Thumb Code    10  ffltui.o(.text)
    __aeabi_i2d                              0x08000687   Thumb Code    34  dflti.o(.text)
    __aeabi_f2iz                             0x080006a9   Thumb Code    50  ffixi.o(.text)
    __aeabi_f2uiz                            0x080006db   Thumb Code    40  ffixui.o(.text)
    __aeabi_f2d                              0x08000703   Thumb Code    38  f2d.o(.text)
    __aeabi_d2f                              0x08000729   Thumb Code    56  d2f.o(.text)
    __aeabi_uidiv                            0x08000761   Thumb Code     0  uidiv.o(.text)
    __aeabi_uidivmod                         0x08000761   Thumb Code    44  uidiv.o(.text)
    __aeabi_uldivmod                         0x0800078d   Thumb Code    98  uldiv.o(.text)
    __aeabi_llsl                             0x080007ef   Thumb Code    30  llshl.o(.text)
    _ll_shift_l                              0x080007ef   Thumb Code     0  llshl.o(.text)
    __aeabi_lasr                             0x0800080d   Thumb Code    36  llsshr.o(.text)
    _ll_sshift_r                             0x0800080d   Thumb Code     0  llsshr.o(.text)
    __I$use$fp                               0x08000831   Thumb Code     0  iusefp.o(.text)
    _float_round                             0x08000831   Thumb Code    18  fepilogue.o(.text)
    _float_epilogue                          0x08000843   Thumb Code    92  fepilogue.o(.text)
    _double_round                            0x0800089f   Thumb Code    30  depilogue.o(.text)
    _double_epilogue                         0x080008bd   Thumb Code   156  depilogue.o(.text)
    __aeabi_d2ulz                            0x08000959   Thumb Code    48  dfixul.o(.text)
    __aeabi_cdrcmple                         0x08000989   Thumb Code    48  cdrcmple.o(.text)
    __scatterload                            0x080009b9   Thumb Code    28  init.o(.text)
    __scatterload_rt2                        0x080009b9   Thumb Code     0  init.o(.text)
    __aeabi_llsr                             0x080009dd   Thumb Code    32  llushr.o(.text)
    _ll_ushift_r                             0x080009dd   Thumb Code     0  llushr.o(.text)
    ADC1_2_IRQHandler                        0x080009fd   Thumb Code    30  stm32f1xx_it.o(.text.ADC1_2_IRQHandler)
    ADC_ConversionStop_Disable               0x08000a1d   Thumb Code    96  stm32f1xx_hal_adc.o(.text.ADC_ConversionStop_Disable)
    ADC_Enable                               0x08000a7d   Thumb Code   138  stm32f1xx_hal_adc.o(.text.ADC_Enable)
    BusFault_Handler                         0x08000b09   Thumb Code     2  stm32f1xx_it.o(.text.BusFault_Handler)
    DMA1_Channel2_IRQHandler                 0x08000b0d   Thumb Code    12  stm32f1xx_it.o(.text.DMA1_Channel2_IRQHandler)
    DMA1_Channel3_IRQHandler                 0x08000b19   Thumb Code    12  stm32f1xx_it.o(.text.DMA1_Channel3_IRQHandler)
    DebugMon_Handler                         0x08000b25   Thumb Code     2  stm32f1xx_it.o(.text.DebugMon_Handler)
    EXTI15_10_IRQHandler                     0x08000b29   Thumb Code     8  stm32f1xx_it.o(.text.EXTI15_10_IRQHandler)
    Error_Handler                            0x08000b31   Thumb Code    10  main.o(.text.Error_Handler)
    HAL_ADCEx_Calibration_Start              0x08000b3d   Thumb Code   228  stm32f1xx_hal_adc_ex.o(.text.HAL_ADCEx_Calibration_Start)
    HAL_ADCEx_InjectedConfigChannel          0x08000c21   Thumb Code   474  stm32f1xx_hal_adc_ex.o(.text.HAL_ADCEx_InjectedConfigChannel)
    HAL_ADCEx_InjectedConvCpltCallback       0x08000dfd   Thumb Code   518  adc.o(.text.HAL_ADCEx_InjectedConvCpltCallback)
    HAL_ADCEx_InjectedGetValue               0x08001005   Thumb Code    38  stm32f1xx_hal_adc_ex.o(.text.HAL_ADCEx_InjectedGetValue)
    HAL_ADCEx_InjectedStart                  0x0800102d   Thumb Code   178  stm32f1xx_hal_adc_ex.o(.text.HAL_ADCEx_InjectedStart)
    HAL_ADCEx_InjectedStart_IT               0x080010e1   Thumb Code   186  stm32f1xx_hal_adc_ex.o(.text.HAL_ADCEx_InjectedStart_IT)
    HAL_ADCEx_MultiModeConfigChannel         0x0800119d   Thumb Code   102  stm32f1xx_hal_adc_ex.o(.text.HAL_ADCEx_MultiModeConfigChannel)
    HAL_ADC_ConvCpltCallback                 0x08001205   Thumb Code     2  stm32f1xx_hal_adc.o(.text.HAL_ADC_ConvCpltCallback)
    HAL_ADC_IRQHandler                       0x08001209   Thumb Code   248  stm32f1xx_hal_adc.o(.text.HAL_ADC_IRQHandler)
    HAL_ADC_Init                             0x08001301   Thumb Code   348  stm32f1xx_hal_adc.o(.text.HAL_ADC_Init)
    HAL_ADC_LevelOutOfWindowCallback         0x0800145d   Thumb Code     2  stm32f1xx_hal_adc.o(.text.HAL_ADC_LevelOutOfWindowCallback)
    HAL_ADC_MspInit                          0x08001461   Thumb Code   196  adc.o(.text.HAL_ADC_MspInit)
    HAL_DMA_IRQHandler                       0x08001525   Thumb Code   384  stm32f1xx_hal_dma.o(.text.HAL_DMA_IRQHandler)
    HAL_DMA_Init                             0x080016a5   Thumb Code   132  stm32f1xx_hal_dma.o(.text.HAL_DMA_Init)
    HAL_DMA_Start_IT                         0x08001729   Thumb Code   162  stm32f1xx_hal_dma.o(.text.HAL_DMA_Start_IT)
    HAL_Delay                                0x080017cd   Thumb Code    44  stm32f1xx_hal.o(.text.HAL_Delay)
    HAL_GPIO_EXTI_Callback                   0x080017f9   Thumb Code     2  stm32f1xx_hal_gpio.o(.text.HAL_GPIO_EXTI_Callback)
    HAL_GPIO_EXTI_IRQHandler                 0x080017fd   Thumb Code    22  stm32f1xx_hal_gpio.o(.text.HAL_GPIO_EXTI_IRQHandler)
    HAL_GPIO_Init                            0x08001815   Thumb Code   546  stm32f1xx_hal_gpio.o(.text.HAL_GPIO_Init)
    HAL_GPIO_WritePin                        0x08001a39   Thumb Code    10  stm32f1xx_hal_gpio.o(.text.HAL_GPIO_WritePin)
    HAL_GetTick                              0x08001a45   Thumb Code    12  stm32f1xx_hal.o(.text.HAL_GetTick)
    HAL_IncTick                              0x08001a51   Thumb Code    18  stm32f1xx_hal.o(.text.HAL_IncTick)
    HAL_Init                                 0x08001a65   Thumb Code    38  stm32f1xx_hal.o(.text.HAL_Init)
    HAL_InitTick                             0x08001a8d   Thumb Code    68  stm32f1xx_hal.o(.text.HAL_InitTick)
    HAL_MspInit                              0x08001ad1   Thumb Code    66  stm32f1xx_hal_msp.o(.text.HAL_MspInit)
    HAL_NVIC_EnableIRQ                       0x08001b15   Thumb Code    32  stm32f1xx_hal_cortex.o(.text.HAL_NVIC_EnableIRQ)
    HAL_NVIC_SetPriority                     0x08001b35   Thumb Code   100  stm32f1xx_hal_cortex.o(.text.HAL_NVIC_SetPriority)
    HAL_NVIC_SetPriorityGrouping             0x08001b99   Thumb Code    32  stm32f1xx_hal_cortex.o(.text.HAL_NVIC_SetPriorityGrouping)
    HAL_RCCEx_GetPeriphCLKFreq               0x08001bb9   Thumb Code   228  stm32f1xx_hal_rcc_ex.o(.text.HAL_RCCEx_GetPeriphCLKFreq)
    HAL_RCCEx_PeriphCLKConfig                0x08001c9d   Thumb Code   276  stm32f1xx_hal_rcc_ex.o(.text.HAL_RCCEx_PeriphCLKConfig)
    HAL_RCC_ClockConfig                      0x08001db1   Thumb Code   436  stm32f1xx_hal_rcc.o(.text.HAL_RCC_ClockConfig)
    HAL_RCC_GetPCLK1Freq                     0x08001f65   Thumb Code    38  stm32f1xx_hal_rcc.o(.text.HAL_RCC_GetPCLK1Freq)
    HAL_RCC_GetPCLK2Freq                     0x08001f8d   Thumb Code    38  stm32f1xx_hal_rcc.o(.text.HAL_RCC_GetPCLK2Freq)
    HAL_RCC_OscConfig                        0x08001fb5   Thumb Code   990  stm32f1xx_hal_rcc.o(.text.HAL_RCC_OscConfig)
    HAL_SPI_ErrorCallback                    0x08002395   Thumb Code   108  spi.o(.text.HAL_SPI_ErrorCallback)
    HAL_SPI_Init                             0x08002401   Thumb Code   186  stm32f1xx_hal_spi.o(.text.HAL_SPI_Init)
    HAL_SPI_MspInit                          0x080024bd   Thumb Code   232  spi.o(.text.HAL_SPI_MspInit)
    HAL_SPI_RxCpltCallback                   0x080025a5   Thumb Code     2  stm32f1xx_hal_spi.o(.text.HAL_SPI_RxCpltCallback)
    HAL_SPI_RxHalfCpltCallback               0x080025a9   Thumb Code     2  stm32f1xx_hal_spi.o(.text.HAL_SPI_RxHalfCpltCallback)
    HAL_SPI_TransmitReceive_DMA              0x080025ad   Thumb Code   290  stm32f1xx_hal_spi.o(.text.HAL_SPI_TransmitReceive_DMA)
    HAL_SPI_TxRxCpltCallback                 0x080026d1   Thumb Code   304  spi.o(.text.HAL_SPI_TxRxCpltCallback)
    HAL_SPI_TxRxHalfCpltCallback             0x08002801   Thumb Code     2  stm32f1xx_hal_spi.o(.text.HAL_SPI_TxRxHalfCpltCallback)
    HAL_SYSTICK_Config                       0x08002805   Thumb Code    44  stm32f1xx_hal_cortex.o(.text.HAL_SYSTICK_Config)
    HAL_TIMEx_BreakCallback                  0x08002831   Thumb Code     2  stm32f1xx_hal_tim_ex.o(.text.HAL_TIMEx_BreakCallback)
    HAL_TIMEx_CommutCallback                 0x08002835   Thumb Code     2  stm32f1xx_hal_tim_ex.o(.text.HAL_TIMEx_CommutCallback)
    HAL_TIMEx_ConfigBreakDeadTime            0x08002839   Thumb Code    82  stm32f1xx_hal_tim_ex.o(.text.HAL_TIMEx_ConfigBreakDeadTime)
    HAL_TIMEx_MasterConfigSynchronization    0x0800288d   Thumb Code   120  stm32f1xx_hal_tim_ex.o(.text.HAL_TIMEx_MasterConfigSynchronization)
    HAL_TIM_Base_Init                        0x08002905   Thumb Code   230  stm32f1xx_hal_tim.o(.text.HAL_TIM_Base_Init)
    HAL_TIM_Base_MspInit                     0x080029ed   Thumb Code   100  tim.o(.text.HAL_TIM_Base_MspInit)
    HAL_TIM_Base_Start_IT                    0x08002a51   Thumb Code   102  stm32f1xx_hal_tim.o(.text.HAL_TIM_Base_Start_IT)
    HAL_TIM_ConfigClockSource                0x08002ab9   Thumb Code   414  stm32f1xx_hal_tim.o(.text.HAL_TIM_ConfigClockSource)
    HAL_TIM_IC_CaptureCallback               0x08002c59   Thumb Code     2  stm32f1xx_hal_tim.o(.text.HAL_TIM_IC_CaptureCallback)
    HAL_TIM_IRQHandler                       0x08002c5d   Thumb Code   282  stm32f1xx_hal_tim.o(.text.HAL_TIM_IRQHandler)
    HAL_TIM_OC_DelayElapsedCallback          0x08002d79   Thumb Code     2  stm32f1xx_hal_tim.o(.text.HAL_TIM_OC_DelayElapsedCallback)
    HAL_TIM_PWM_ConfigChannel                0x08002d7d   Thumb Code   498  stm32f1xx_hal_tim.o(.text.HAL_TIM_PWM_ConfigChannel)
    HAL_TIM_PWM_Init                         0x08002f71   Thumb Code   230  stm32f1xx_hal_tim.o(.text.HAL_TIM_PWM_Init)
    HAL_TIM_PWM_MspInit                      0x08003059   Thumb Code     2  stm32f1xx_hal_tim.o(.text.HAL_TIM_PWM_MspInit)
    HAL_TIM_PWM_PulseFinishedCallback        0x0800305d   Thumb Code     2  stm32f1xx_hal_tim.o(.text.HAL_TIM_PWM_PulseFinishedCallback)
    HAL_TIM_PWM_Start                        0x08003061   Thumb Code   188  stm32f1xx_hal_tim.o(.text.HAL_TIM_PWM_Start)
    HAL_TIM_PeriodElapsedCallback            0x0800311d   Thumb Code   140  tim.o(.text.HAL_TIM_PeriodElapsedCallback)
    HAL_TIM_TriggerCallback                  0x080031a9   Thumb Code     2  stm32f1xx_hal_tim.o(.text.HAL_TIM_TriggerCallback)
    HAL_UART_Init                            0x080031ad   Thumb Code   224  stm32f1xx_hal_uart.o(.text.HAL_UART_Init)
    HAL_UART_MspInit                         0x0800328d   Thumb Code   122  usart.o(.text.HAL_UART_MspInit)
    HAL_UART_Transmit                        0x08003309   Thumb Code   352  stm32f1xx_hal_uart.o(.text.HAL_UART_Transmit)
    HardFault_Handler                        0x08003469   Thumb Code     2  stm32f1xx_it.o(.text.HardFault_Handler)
    MX_ADC1_Init                             0x0800346d   Thumb Code   148  adc.o(.text.MX_ADC1_Init)
    MX_ADC2_Init                             0x08003501   Thumb Code   112  adc.o(.text.MX_ADC2_Init)
    MX_DMA_Init                              0x08003571   Thumb Code    68  dma.o(.text.MX_DMA_Init)
    MX_GPIO_Init                             0x080035b5   Thumb Code   196  gpio.o(.text.MX_GPIO_Init)
    MX_SPI1_Init                             0x08003679   Thumb Code    76  spi.o(.text.MX_SPI1_Init)
    MX_TIM1_Init                             0x080036c5   Thumb Code   380  tim.o(.text.MX_TIM1_Init)
    MX_TIM3_Init                             0x08003841   Thumb Code   124  tim.o(.text.MX_TIM3_Init)
    MX_USART2_UART_Init                      0x080038bd   Thumb Code    60  usart.o(.text.MX_USART2_UART_Init)
    MemManage_Handler                        0x080038f9   Thumb Code     2  stm32f1xx_it.o(.text.MemManage_Handler)
    NMI_Handler                              0x080038fd   Thumb Code     2  stm32f1xx_it.o(.text.NMI_Handler)
    PendSV_Handler                           0x08003901   Thumb Code     2  stm32f1xx_it.o(.text.PendSV_Handler)
    SVC_Handler                              0x08003b61   Thumb Code     2  stm32f1xx_it.o(.text.SVC_Handler)
    SysTick_Handler                          0x08003b65   Thumb Code     4  stm32f1xx_it.o(.text.SysTick_Handler)
    SystemInit                               0x08003b69   Thumb Code     2  system_stm32f1xx.o(.text.SystemInit)
    TIM3_IRQHandler                          0x08003b6d   Thumb Code    12  stm32f1xx_it.o(.text.TIM3_IRQHandler)
    UsageFault_Handler                       0x08003b79   Thumb Code     2  stm32f1xx_it.o(.text.UsageFault_Handler)
    arm_cos_f32                              0x08003b7b   Thumb Code   172  arm_cos_f32.o(.text.arm_cos_f32)
    arm_pid_init_f32                         0x08003c27   Thumb Code    66  arm_pid_init_f32.o(.text.arm_pid_init_f32)
    arm_sin_f32                              0x08003c69   Thumb Code   164  arm_sin_f32.o(.text.arm_sin_f32)
    calculate_crc                            0x08003d0d   Thumb Code   340  spi.o(.text.calculate_crc)
    cycle_diff                               0x08003e61   Thumb Code    66  foc.o(.text.cycle_diff)
    foc_forward                              0x08003ea5   Thumb Code   644  foc.o(.text.foc_forward)
    fputc                                    0x08004129   Thumb Code    38  usart.o(.text.fputc)
    lib_position_control                     0x08004151   Thumb Code    56  foc.o(.text.lib_position_control)
    lib_position_speed_torque_control        0x08004189   Thumb Code   166  foc.o(.text.lib_position_speed_torque_control)
    lib_speed_control                        0x08004231   Thumb Code    56  foc.o(.text.lib_speed_control)
    lib_speed_torque_control                 0x08004269   Thumb Code    94  foc.o(.text.lib_speed_torque_control)
    lib_torque_control                       0x080042c9   Thumb Code   446  foc.o(.text.lib_torque_control)
    low_pass_filter                          0x08004489   Thumb Code    82  filter.o(.text.low_pass_filter)
    main                                     0x080044dd   Thumb Code   596  main.o(.text.main)
    set_motor_pid                            0x080047d5   Thumb Code   100  foc.o(.text.set_motor_pid)
    set_pwm_duty                             0x08004839   Thumb Code   212  main.o(.text.set_pwm_duty)
    __0printf                                0x08004975   Thumb Code    22  printfa.o(i.__0printf)
    __1printf                                0x08004975   Thumb Code     0  printfa.o(i.__0printf)
    __2printf                                0x08004975   Thumb Code     0  printfa.o(i.__0printf)
    __c89printf                              0x08004975   Thumb Code     0  printfa.o(i.__0printf)
    printf                                   0x08004975   Thumb Code     0  printfa.o(i.__0printf)
    __scatterload_copy                       0x08004995   Thumb Code    14  handlers.o(i.__scatterload_copy)
    __scatterload_null                       0x080049a3   Thumb Code     2  handlers.o(i.__scatterload_null)
    __scatterload_zeroinit                   0x080049a5   Thumb Code    14  handlers.o(i.__scatterload_zeroinit)
    AHBPrescTable                            0x08005266   Data          16  system_stm32f1xx.o(.rodata.AHBPrescTable)
    APBPrescTable                            0x08005276   Data           8  system_stm32f1xx.o(.rodata.APBPrescTable)
    sinTable_f32                             0x08005290   Data        2052  arm_common_tables.o(.rodata.sinTable_f32)
    Region$$Table$$Base                      0x08005adc   Number         0  anon$$obj.o(Region$$Table)
    Region$$Table$$Limit                     0x08005afc   Number         0  anon$$obj.o(Region$$Table)
    __stdout                                 0x20000000   Data           4  stdout.o(.data)
    uwTickFreq                               0x20000004   Data           1  stm32f1xx_hal.o(.data..L_MergedGlobals)
    uwTickPrio                               0x20000008   Data           4  stm32f1xx_hal.o(.data..L_MergedGlobals)
    uwTick                                   0x2000000c   Data           4  stm32f1xx_hal.o(.data..L_MergedGlobals)
    SystemCoreClock                          0x20000010   Data           4  system_stm32f1xx.o(.data.SystemCoreClock)
    hadc1                                    0x20000020   Data          48  adc.o(.bss..L_MergedGlobals)
    hadc2                                    0x20000050   Data          48  adc.o(.bss..L_MergedGlobals)
    mt6701_rx_data                           0x20000080   Data           3  spi.o(.bss..L_MergedGlobals)
    hdma_spi1_rx                             0x20000084   Data          68  spi.o(.bss..L_MergedGlobals)
    pid_position                             0x200000d0   Data          36  foc.o(.bss..L_MergedGlobals)
    pid_speed                                0x200000f4   Data          36  foc.o(.bss..L_MergedGlobals)
    pid_torque_d                             0x20000118   Data          36  foc.o(.bss..L_MergedGlobals)
    hdma_spi1_tx                             0x20000140   Data          68  spi.o(.bss..L_MergedGlobals.1)
    pid_torque_q                             0x20000190   Data          36  foc.o(.bss..L_MergedGlobals.1)
    hspi1                                    0x200001c0   Data          88  spi.o(.bss..L_MergedGlobals.2)
    encoder_angle                            0x20000228   Data           4  motor_runtime_param.o(.bss.encoder_angle)
    encoder_init_angle                       0x2000022c   Data           4  motor_runtime_param.o(.bss.encoder_init_angle)
    htim1                                    0x20000230   Data          72  tim.o(.bss.htim1)
    htim3                                    0x20000278   Data          72  tim.o(.bss.htim3)
    huart2                                   0x200002c0   Data          72  usart.o(.bss.huart2)
    motor_control_context                    0x20000308   Data          28  foc.o(.bss.motor_control_context)
    motor_i_d                                0x20000324   Data           4  motor_runtime_param.o(.bss.motor_i_d)
    motor_i_q                                0x20000328   Data           4  motor_runtime_param.o(.bss.motor_i_q)
    motor_i_u                                0x2000032c   Data           4  motor_runtime_param.o(.bss.motor_i_u)
    motor_i_v                                0x20000330   Data           4  motor_runtime_param.o(.bss.motor_i_v)
    motor_logic_angle                        0x20000334   Data           4  motor_runtime_param.o(.bss.motor_logic_angle)
    motor_speed                              0x20000338   Data           4  motor_runtime_param.o(.bss.motor_speed)
    rotor_zero_angle                         0x2000033c   Data           4  motor_runtime_param.o(.bss.rotor_zero_angle)
    __initial_sp                             0x20000740   Data           0  startup_stm32f103xb.o(STACK)



==============================================================================

Memory Map of the image

  Image Entry point : 0x080000ed

  Load Region LR_IROM1 (Base: 0x08000000, Size: 0x00005b20, Max: 0x00010000, ABSOLUTE)

    Execution Region ER_IROM1 (Exec base: 0x08000000, Load base: 0x08000000, Size: 0x00005afc, Max: 0x00010000, ABSOLUTE)

    Exec Addr    Load Addr    Size         Type   Attr      Idx    E Section Name        Object

    0x08000000   0x08000000   0x000000ec   Data   RO            3    RESET               startup_stm32f103xb.o
    0x080000ec   0x080000ec   0x00000000   Code   RO         1484  * .ARM.Collect$$$$00000000  mc_w.l(entry.o)
    0x080000ec   0x080000ec   0x00000004   Code   RO         1786    .ARM.Collect$$$$00000001  mc_w.l(entry2.o)
    0x080000f0   0x080000f0   0x00000004   Code   RO         1789    .ARM.Collect$$$$00000004  mc_w.l(entry5.o)
    0x080000f4   0x080000f4   0x00000000   Code   RO         1791    .ARM.Collect$$$$00000008  mc_w.l(entry7b.o)
    0x080000f4   0x080000f4   0x00000000   Code   RO         1793    .ARM.Collect$$$$0000000A  mc_w.l(entry8b.o)
    0x080000f4   0x080000f4   0x00000008   Code   RO         1794    .ARM.Collect$$$$0000000B  mc_w.l(entry9a.o)
    0x080000fc   0x080000fc   0x00000000   Code   RO         1796    .ARM.Collect$$$$0000000D  mc_w.l(entry10a.o)
    0x080000fc   0x080000fc   0x00000000   Code   RO         1798    .ARM.Collect$$$$0000000F  mc_w.l(entry11a.o)
    0x080000fc   0x080000fc   0x00000004   Code   RO         1787    .ARM.Collect$$$$00002712  mc_w.l(entry2.o)
    0x08000100   0x08000100   0x00000024   Code   RO            4    .text               startup_stm32f103xb.o
    0x08000124   0x08000124   0x000000b0   Code   RO         1750    .text               mf_w.l(fadd.o)
    0x080001d4   0x080001d4   0x00000064   Code   RO         1752    .text               mf_w.l(fmul.o)
    0x08000238   0x08000238   0x0000007c   Code   RO         1754    .text               mf_w.l(fdiv.o)
    0x080002b4   0x080002b4   0x0000014e   Code   RO         1756    .text               mf_w.l(dadd.o)
    0x08000402   0x08000402   0x000000e4   Code   RO         1758    .text               mf_w.l(dmul.o)
    0x080004e6   0x080004e6   0x000000de   Code   RO         1760    .text               mf_w.l(ddiv.o)
    0x080005c4   0x080005c4   0x0000001c   Code   RO         1762    .text               mf_w.l(fcmple.o)
    0x080005e0   0x080005e0   0x0000001c   Code   RO         1764    .text               mf_w.l(fcmplt.o)
    0x080005fc   0x080005fc   0x0000001c   Code   RO         1766    .text               mf_w.l(fcmpge.o)
    0x08000618   0x08000618   0x0000001c   Code   RO         1768    .text               mf_w.l(fcmpgt.o)
    0x08000634   0x08000634   0x00000036   Code   RO         1770    .text               mf_w.l(dcmplt.o)
    0x0800066a   0x0800066a   0x00000012   Code   RO         1772    .text               mf_w.l(fflti.o)
    0x0800067c   0x0800067c   0x0000000a   Code   RO         1774    .text               mf_w.l(ffltui.o)
    0x08000686   0x08000686   0x00000022   Code   RO         1776    .text               mf_w.l(dflti.o)
    0x080006a8   0x080006a8   0x00000032   Code   RO         1778    .text               mf_w.l(ffixi.o)
    0x080006da   0x080006da   0x00000028   Code   RO         1780    .text               mf_w.l(ffixui.o)
    0x08000702   0x08000702   0x00000026   Code   RO         1782    .text               mf_w.l(f2d.o)
    0x08000728   0x08000728   0x00000038   Code   RO         1784    .text               mf_w.l(d2f.o)
    0x08000760   0x08000760   0x0000002c   Code   RO         1801    .text               mc_w.l(uidiv.o)
    0x0800078c   0x0800078c   0x00000062   Code   RO         1803    .text               mc_w.l(uldiv.o)
    0x080007ee   0x080007ee   0x0000001e   Code   RO         1805    .text               mc_w.l(llshl.o)
    0x0800080c   0x0800080c   0x00000024   Code   RO         1807    .text               mc_w.l(llsshr.o)
    0x08000830   0x08000830   0x00000000   Code   RO         1809    .text               mc_w.l(iusefp.o)
    0x08000830   0x08000830   0x0000006e   Code   RO         1810    .text               mf_w.l(fepilogue.o)
    0x0800089e   0x0800089e   0x000000ba   Code   RO         1812    .text               mf_w.l(depilogue.o)
    0x08000958   0x08000958   0x00000030   Code   RO         1814    .text               mf_w.l(dfixul.o)
    0x08000988   0x08000988   0x00000030   Code   RO         1816    .text               mf_w.l(cdrcmple.o)
    0x080009b8   0x080009b8   0x00000024   Code   RO         1818    .text               mc_w.l(init.o)
    0x080009dc   0x080009dc   0x00000020   Code   RO         1820    .text               mc_w.l(llushr.o)
    0x080009fc   0x080009fc   0x0000001e   Code   RO          176    .text.ADC1_2_IRQHandler  stm32f1xx_it.o
    0x08000a1a   0x08000a1a   0x00000002   PAD
    0x08000a1c   0x08000a1c   0x00000060   Code   RO          227    .text.ADC_ConversionStop_Disable  stm32f1xx_hal_adc.o
    0x08000a7c   0x08000a7c   0x0000008a   Code   RO          235    .text.ADC_Enable    stm32f1xx_hal_adc.o
    0x08000b06   0x08000b06   0x00000002   PAD
    0x08000b08   0x08000b08   0x00000002   Code   RO          160    .text.BusFault_Handler  stm32f1xx_it.o
    0x08000b0a   0x08000b0a   0x00000002   PAD
    0x08000b0c   0x08000b0c   0x0000000c   Code   RO          172    .text.DMA1_Channel2_IRQHandler  stm32f1xx_it.o
    0x08000b18   0x08000b18   0x0000000c   Code   RO          174    .text.DMA1_Channel3_IRQHandler  stm32f1xx_it.o
    0x08000b24   0x08000b24   0x00000002   Code   RO          166    .text.DebugMon_Handler  stm32f1xx_it.o
    0x08000b26   0x08000b26   0x00000002   PAD
    0x08000b28   0x08000b28   0x00000008   Code   RO          180    .text.EXTI15_10_IRQHandler  stm32f1xx_it.o
    0x08000b30   0x08000b30   0x0000000a   Code   RO           17    .text.Error_Handler  main.o
    0x08000b3a   0x08000b3a   0x00000002   PAD
    0x08000b3c   0x08000b3c   0x000000e4   Code   RO          288    .text.HAL_ADCEx_Calibration_Start  stm32f1xx_hal_adc_ex.o
    0x08000c20   0x08000c20   0x000001da   Code   RO          310    .text.HAL_ADCEx_InjectedConfigChannel  stm32f1xx_hal_adc_ex.o
    0x08000dfa   0x08000dfa   0x00000002   PAD
    0x08000dfc   0x08000dfc   0x00000206   Code   RO           52    .text.HAL_ADCEx_InjectedConvCpltCallback  adc.o
    0x08001002   0x08001002   0x00000002   PAD
    0x08001004   0x08001004   0x00000026   Code   RO          304    .text.HAL_ADCEx_InjectedGetValue  stm32f1xx_hal_adc_ex.o
    0x0800102a   0x0800102a   0x00000002   PAD
    0x0800102c   0x0800102c   0x000000b2   Code   RO          290    .text.HAL_ADCEx_InjectedStart  stm32f1xx_hal_adc_ex.o
    0x080010de   0x080010de   0x00000002   PAD
    0x080010e0   0x080010e0   0x000000ba   Code   RO          296    .text.HAL_ADCEx_InjectedStart_IT  stm32f1xx_hal_adc_ex.o
    0x0800119a   0x0800119a   0x00000002   PAD
    0x0800119c   0x0800119c   0x00000066   Code   RO          312    .text.HAL_ADCEx_MultiModeConfigChannel  stm32f1xx_hal_adc_ex.o
    0x08001202   0x08001202   0x00000002   PAD
    0x08001204   0x08001204   0x00000002   Code   RO          261    .text.HAL_ADC_ConvCpltCallback  stm32f1xx_hal_adc.o
    0x08001206   0x08001206   0x00000002   PAD
    0x08001208   0x08001208   0x000000f8   Code   RO          259    .text.HAL_ADC_IRQHandler  stm32f1xx_hal_adc.o
    0x08001300   0x08001300   0x0000015c   Code   RO          223    .text.HAL_ADC_Init  stm32f1xx_hal_adc.o
    0x0800145c   0x0800145c   0x00000002   Code   RO          263    .text.HAL_ADC_LevelOutOfWindowCallback  stm32f1xx_hal_adc.o
    0x0800145e   0x0800145e   0x00000002   PAD
    0x08001460   0x08001460   0x000000c4   Code   RO           48    .text.HAL_ADC_MspInit  adc.o
    0x08001524   0x08001524   0x00000180   Code   RO          485    .text.HAL_DMA_IRQHandler  stm32f1xx_hal_dma.o
    0x080016a4   0x080016a4   0x00000084   Code   RO          471    .text.HAL_DMA_Init  stm32f1xx_hal_dma.o
    0x08001728   0x08001728   0x000000a2   Code   RO          477    .text.HAL_DMA_Start_IT  stm32f1xx_hal_dma.o
    0x080017ca   0x080017ca   0x00000002   PAD
    0x080017cc   0x080017cc   0x0000002c   Code   RO          345    .text.HAL_Delay     stm32f1xx_hal.o
    0x080017f8   0x080017f8   0x00000002   Code   RO          458    .text.HAL_GPIO_EXTI_Callback  stm32f1xx_hal_gpio.o
    0x080017fa   0x080017fa   0x00000002   PAD
    0x080017fc   0x080017fc   0x00000016   Code   RO          456    .text.HAL_GPIO_EXTI_IRQHandler  stm32f1xx_hal_gpio.o
    0x08001812   0x08001812   0x00000002   PAD
    0x08001814   0x08001814   0x00000222   Code   RO          444    .text.HAL_GPIO_Init  stm32f1xx_hal_gpio.o
    0x08001a36   0x08001a36   0x00000002   PAD
    0x08001a38   0x08001a38   0x0000000a   Code   RO          450    .text.HAL_GPIO_WritePin  stm32f1xx_hal_gpio.o
    0x08001a42   0x08001a42   0x00000002   PAD
    0x08001a44   0x08001a44   0x0000000c   Code   RO          337    .text.HAL_GetTick   stm32f1xx_hal.o
    0x08001a50   0x08001a50   0x00000012   Code   RO          335    .text.HAL_IncTick   stm32f1xx_hal.o
    0x08001a62   0x08001a62   0x00000002   PAD
    0x08001a64   0x08001a64   0x00000026   Code   RO          325    .text.HAL_Init      stm32f1xx_hal.o
    0x08001a8a   0x08001a8a   0x00000002   PAD
    0x08001a8c   0x08001a8c   0x00000044   Code   RO          327    .text.HAL_InitTick  stm32f1xx_hal.o
    0x08001ad0   0x08001ad0   0x00000042   Code   RO          193    .text.HAL_MspInit   stm32f1xx_hal_msp.o
    0x08001b12   0x08001b12   0x00000002   PAD
    0x08001b14   0x08001b14   0x00000020   Code   RO          510    .text.HAL_NVIC_EnableIRQ  stm32f1xx_hal_cortex.o
    0x08001b34   0x08001b34   0x00000064   Code   RO          508    .text.HAL_NVIC_SetPriority  stm32f1xx_hal_cortex.o
    0x08001b98   0x08001b98   0x00000020   Code   RO          506    .text.HAL_NVIC_SetPriorityGrouping  stm32f1xx_hal_cortex.o
    0x08001bb8   0x08001bb8   0x000000e4   Code   RO          431    .text.HAL_RCCEx_GetPeriphCLKFreq  stm32f1xx_hal_rcc_ex.o
    0x08001c9c   0x08001c9c   0x00000114   Code   RO          427    .text.HAL_RCCEx_PeriphCLKConfig  stm32f1xx_hal_rcc_ex.o
    0x08001db0   0x08001db0   0x000001b4   Code   RO          391    .text.HAL_RCC_ClockConfig  stm32f1xx_hal_rcc.o
    0x08001f64   0x08001f64   0x00000026   Code   RO          403    .text.HAL_RCC_GetPCLK1Freq  stm32f1xx_hal_rcc.o
    0x08001f8a   0x08001f8a   0x00000002   PAD
    0x08001f8c   0x08001f8c   0x00000026   Code   RO          405    .text.HAL_RCC_GetPCLK2Freq  stm32f1xx_hal_rcc.o
    0x08001fb2   0x08001fb2   0x00000002   PAD
    0x08001fb4   0x08001fb4   0x000003de   Code   RO          389    .text.HAL_RCC_OscConfig  stm32f1xx_hal_rcc.o
    0x08002392   0x08002392   0x00000002   PAD
    0x08002394   0x08002394   0x0000006c   Code   RO           89    .text.HAL_SPI_ErrorCallback  spi.o
    0x08002400   0x08002400   0x000000ba   Code   RO          684    .text.HAL_SPI_Init  stm32f1xx_hal_spi.o
    0x080024ba   0x080024ba   0x00000002   PAD
    0x080024bc   0x080024bc   0x000000e8   Code   RO           81    .text.HAL_SPI_MspInit  spi.o
    0x080025a4   0x080025a4   0x00000002   Code   RO          768    .text.HAL_SPI_RxCpltCallback  stm32f1xx_hal_spi.o
    0x080025a6   0x080025a6   0x00000002   PAD
    0x080025a8   0x080025a8   0x00000002   Code   RO          774    .text.HAL_SPI_RxHalfCpltCallback  stm32f1xx_hal_spi.o
    0x080025aa   0x080025aa   0x00000002   PAD
    0x080025ac   0x080025ac   0x00000122   Code   RO          730    .text.HAL_SPI_TransmitReceive_DMA  stm32f1xx_hal_spi.o
    0x080026ce   0x080026ce   0x00000002   PAD
    0x080026d0   0x080026d0   0x00000130   Code   RO           87    .text.HAL_SPI_TxRxCpltCallback  spi.o
    0x08002800   0x08002800   0x00000002   Code   RO          776    .text.HAL_SPI_TxRxHalfCpltCallback  stm32f1xx_hal_spi.o
    0x08002802   0x08002802   0x00000002   PAD
    0x08002804   0x08002804   0x0000002c   Code   RO          516    .text.HAL_SYSTICK_Config  stm32f1xx_hal_cortex.o
    0x08002830   0x08002830   0x00000002   Code   RO         1107    .text.HAL_TIMEx_BreakCallback  stm32f1xx_hal_tim_ex.o
    0x08002832   0x08002832   0x00000002   PAD
    0x08002834   0x08002834   0x00000002   Code   RO         1103    .text.HAL_TIMEx_CommutCallback  stm32f1xx_hal_tim_ex.o
    0x08002836   0x08002836   0x00000002   PAD
    0x08002838   0x08002838   0x00000052   Code   RO         1099    .text.HAL_TIMEx_ConfigBreakDeadTime  stm32f1xx_hal_tim_ex.o
    0x0800288a   0x0800288a   0x00000002   PAD
    0x0800288c   0x0800288c   0x00000078   Code   RO         1097    .text.HAL_TIMEx_MasterConfigSynchronization  stm32f1xx_hal_tim_ex.o
    0x08002904   0x08002904   0x000000e6   Code   RO          799    .text.HAL_TIM_Base_Init  stm32f1xx_hal_tim.o
    0x080029ea   0x080029ea   0x00000002   PAD
    0x080029ec   0x080029ec   0x00000064   Code   RO          113    .text.HAL_TIM_Base_MspInit  tim.o
    0x08002a50   0x08002a50   0x00000066   Code   RO          813    .text.HAL_TIM_Base_Start_IT  stm32f1xx_hal_tim.o
    0x08002ab6   0x08002ab6   0x00000002   PAD
    0x08002ab8   0x08002ab8   0x0000019e   Code   RO          979    .text.HAL_TIM_ConfigClockSource  stm32f1xx_hal_tim.o
    0x08002c56   0x08002c56   0x00000002   PAD
    0x08002c58   0x08002c58   0x00000002   Code   RO          935    .text.HAL_TIM_IC_CaptureCallback  stm32f1xx_hal_tim.o
    0x08002c5a   0x08002c5a   0x00000002   PAD
    0x08002c5c   0x08002c5c   0x0000011a   Code   RO          933    .text.HAL_TIM_IRQHandler  stm32f1xx_hal_tim.o
    0x08002d76   0x08002d76   0x00000002   PAD
    0x08002d78   0x08002d78   0x00000002   Code   RO          937    .text.HAL_TIM_OC_DelayElapsedCallback  stm32f1xx_hal_tim.o
    0x08002d7a   0x08002d7a   0x00000002   PAD
    0x08002d7c   0x08002d7c   0x000001f2   Code   RO          953    .text.HAL_TIM_PWM_ConfigChannel  stm32f1xx_hal_tim.o
    0x08002f6e   0x08002f6e   0x00000002   PAD
    0x08002f70   0x08002f70   0x000000e6   Code   RO          853    .text.HAL_TIM_PWM_Init  stm32f1xx_hal_tim.o
    0x08003056   0x08003056   0x00000002   PAD
    0x08003058   0x08003058   0x00000002   Code   RO          855    .text.HAL_TIM_PWM_MspInit  stm32f1xx_hal_tim.o
    0x0800305a   0x0800305a   0x00000002   PAD
    0x0800305c   0x0800305c   0x00000002   Code   RO          939    .text.HAL_TIM_PWM_PulseFinishedCallback  stm32f1xx_hal_tim.o
    0x0800305e   0x0800305e   0x00000002   PAD
    0x08003060   0x08003060   0x000000bc   Code   RO          861    .text.HAL_TIM_PWM_Start  stm32f1xx_hal_tim.o
    0x0800311c   0x0800311c   0x0000008c   Code   RO          117    .text.HAL_TIM_PeriodElapsedCallback  tim.o
    0x080031a8   0x080031a8   0x00000002   Code   RO          943    .text.HAL_TIM_TriggerCallback  stm32f1xx_hal_tim.o
    0x080031aa   0x080031aa   0x00000002   PAD
    0x080031ac   0x080031ac   0x000000e0   Code   RO         1124    .text.HAL_UART_Init  stm32f1xx_hal_uart.o
    0x0800328c   0x0800328c   0x0000007a   Code   RO          136    .text.HAL_UART_MspInit  usart.o
    0x08003306   0x08003306   0x00000002   PAD
    0x08003308   0x08003308   0x00000160   Code   RO         1138    .text.HAL_UART_Transmit  stm32f1xx_hal_uart.o
    0x08003468   0x08003468   0x00000002   Code   RO          156    .text.HardFault_Handler  stm32f1xx_it.o
    0x0800346a   0x0800346a   0x00000002   PAD
    0x0800346c   0x0800346c   0x00000094   Code   RO           44    .text.MX_ADC1_Init  adc.o
    0x08003500   0x08003500   0x00000070   Code   RO           46    .text.MX_ADC2_Init  adc.o
    0x08003570   0x08003570   0x00000044   Code   RO           66    .text.MX_DMA_Init   dma.o
    0x080035b4   0x080035b4   0x000000c4   Code   RO           31    .text.MX_GPIO_Init  gpio.o
    0x08003678   0x08003678   0x0000004c   Code   RO           79    .text.MX_SPI1_Init  spi.o
    0x080036c4   0x080036c4   0x0000017c   Code   RO          107    .text.MX_TIM1_Init  tim.o
    0x08003840   0x08003840   0x0000007c   Code   RO          111    .text.MX_TIM3_Init  tim.o
    0x080038bc   0x080038bc   0x0000003c   Code   RO          134    .text.MX_USART2_UART_Init  usart.o
    0x080038f8   0x080038f8   0x00000002   Code   RO          158    .text.MemManage_Handler  stm32f1xx_it.o
    0x080038fa   0x080038fa   0x00000002   PAD
    0x080038fc   0x080038fc   0x00000002   Code   RO          154    .text.NMI_Handler   stm32f1xx_it.o
    0x080038fe   0x080038fe   0x00000002   PAD
    0x08003900   0x08003900   0x00000002   Code   RO          168    .text.PendSV_Handler  stm32f1xx_it.o
    0x08003902   0x08003902   0x00000002   PAD
    0x08003904   0x08003904   0x0000001e   Code   RO          726    .text.SPI_DMAError  stm32f1xx_hal_spi.o
    0x08003922   0x08003922   0x00000002   PAD
    0x08003924   0x08003924   0x00000006   Code   RO          732    .text.SPI_DMAHalfReceiveCplt  stm32f1xx_hal_spi.o
    0x0800392a   0x0800392a   0x00000002   PAD
    0x0800392c   0x0800392c   0x00000006   Code   RO          736    .text.SPI_DMAHalfTransmitReceiveCplt  stm32f1xx_hal_spi.o
    0x08003932   0x08003932   0x00000002   PAD
    0x08003934   0x08003934   0x000000ae   Code   RO          734    .text.SPI_DMAReceiveCplt  stm32f1xx_hal_spi.o
    0x080039e2   0x080039e2   0x00000002   PAD
    0x080039e4   0x080039e4   0x00000084   Code   RO          738    .text.SPI_DMATransmitReceiveCplt  stm32f1xx_hal_spi.o
    0x08003a68   0x08003a68   0x000000f6   Code   RO          786    .text.SPI_WaitFlagStateUntilTimeout  stm32f1xx_hal_spi.o
    0x08003b5e   0x08003b5e   0x00000002   PAD
    0x08003b60   0x08003b60   0x00000002   Code   RO          164    .text.SVC_Handler   stm32f1xx_it.o
    0x08003b62   0x08003b62   0x00000002   PAD
    0x08003b64   0x08003b64   0x00000004   Code   RO          170    .text.SysTick_Handler  stm32f1xx_it.o
    0x08003b68   0x08003b68   0x00000002   Code   RO         1247    .text.SystemInit    system_stm32f1xx.o
    0x08003b6a   0x08003b6a   0x00000002   PAD
    0x08003b6c   0x08003b6c   0x0000000c   Code   RO          178    .text.TIM3_IRQHandler  stm32f1xx_it.o
    0x08003b78   0x08003b78   0x00000002   Code   RO          162    .text.UsageFault_Handler  stm32f1xx_it.o
    0x08003b7a   0x08003b7a   0x000000ac   Code   RO         1338    .text.arm_cos_f32   arm_cortexM3l_math.lib(arm_cos_f32.o)
    0x08003c26   0x08003c26   0x00000042   Code   RO         1356    .text.arm_pid_init_f32  arm_cortexM3l_math.lib(arm_pid_init_f32.o)
    0x08003c68   0x08003c68   0x000000a4   Code   RO         1347    .text.arm_sin_f32   arm_cortexM3l_math.lib(arm_sin_f32.o)
    0x08003d0c   0x08003d0c   0x00000154   Code   RO           85    .text.calculate_crc  spi.o
    0x08003e60   0x08003e60   0x00000042   Code   RO         1285    .text.cycle_diff    foc.o
    0x08003ea2   0x08003ea2   0x00000002   PAD
    0x08003ea4   0x08003ea4   0x00000284   Code   RO         1267    .text.foc_forward   foc.o
    0x08004128   0x08004128   0x00000026   Code   RO          140    .text.fputc         usart.o
    0x0800414e   0x0800414e   0x00000002   PAD
    0x08004150   0x08004150   0x00000038   Code   RO         1269    .text.lib_position_control  foc.o
    0x08004188   0x08004188   0x000000a6   Code   RO         1281    .text.lib_position_speed_torque_control  foc.o
    0x0800422e   0x0800422e   0x00000002   PAD
    0x08004230   0x08004230   0x00000038   Code   RO         1273    .text.lib_speed_control  foc.o
    0x08004268   0x08004268   0x0000005e   Code   RO         1279    .text.lib_speed_torque_control  foc.o
    0x080042c6   0x080042c6   0x00000002   PAD
    0x080042c8   0x080042c8   0x000001be   Code   RO         1277    .text.lib_torque_control  foc.o
    0x08004486   0x08004486   0x00000002   PAD
    0x08004488   0x08004488   0x00000052   Code   RO         1321    .text.low_pass_filter  filter.o
    0x080044da   0x080044da   0x00000002   PAD
    0x080044dc   0x080044dc   0x00000254   Code   RO           13    .text.main          main.o
    0x08004730   0x08004730   0x000000a4   Code   RO         1271    .text.position_loop  foc.o
    0x080047d4   0x080047d4   0x00000064   Code   RO         1283    .text.set_motor_pid  foc.o
    0x08004838   0x08004838   0x000000d4   Code   RO           11    .text.set_pwm_duty  main.o
    0x0800490c   0x0800490c   0x00000068   Code   RO         1275    .text.speed_loop    foc.o
    0x08004974   0x08004974   0x00000020   Code   RO         1722    i.__0printf         mc_w.l(printfa.o)
    0x08004994   0x08004994   0x0000000e   Code   RO         1824    i.__scatterload_copy  mc_w.l(handlers.o)
    0x080049a2   0x080049a2   0x00000002   Code   RO         1825    i.__scatterload_null  mc_w.l(handlers.o)
    0x080049a4   0x080049a4   0x0000000e   Code   RO         1826    i.__scatterload_zeroinit  mc_w.l(handlers.o)
    0x080049b2   0x080049b2   0x00000002   PAD
    0x080049b4   0x080049b4   0x00000184   Code   RO         1729    i._fp_digits        mc_w.l(printfa.o)
    0x08004b38   0x08004b38   0x000006dc   Code   RO         1730    i._printf_core      mc_w.l(printfa.o)
    0x08005214   0x08005214   0x00000024   Code   RO         1731    i._printf_post_padding  mc_w.l(printfa.o)
    0x08005238   0x08005238   0x0000002e   Code   RO         1732    i._printf_pre_padding  mc_w.l(printfa.o)
    0x08005266   0x08005266   0x00000010   Data   RO         1252    .rodata.AHBPrescTable  system_stm32f1xx.o
    0x08005276   0x08005276   0x00000008   Data   RO         1253    .rodata.APBPrescTable  system_stm32f1xx.o
    0x0800527e   0x0800527e   0x00000010   Data   RO          415    .rodata.cst16       stm32f1xx_hal_rcc.o
    0x0800528e   0x0800528e   0x00000002   PAD
    0x08005290   0x08005290   0x00000804   Data   RO         1477    .rodata.sinTable_f32  arm_cortexM3l_math.lib(arm_common_tables.o)
    0x08005a94   0x08005a94   0x00000048   Data   RO         1288    .rodata.svpwm.v     foc.o
    0x08005adc   0x08005adc   0x00000020   Data   RO         1822    Region$$Table       anon$$obj.o


    Execution Region RW_IRAM1 (Exec base: 0x20000000, Load base: 0x08005b00, Size: 0x00000740, Max: 0x00005000, ABSOLUTE)

    Exec Addr    Load Addr    Size         Type   Attr      Idx    E Section Name        Object

    0x20000000   0x08005b00   0x00000004   Data   RW         1800    .data               mc_w.l(stdout.o)
    0x20000004   0x08005b04   0x0000000c   Data   RW          375    .data..L_MergedGlobals  stm32f1xx_hal.o
    0x20000010   0x08005b10   0x00000004   Data   RW         1251    .data.SystemCoreClock  system_stm32f1xx.o
    0x20000014   0x08005b14   0x0000000c   PAD
    0x20000020        -       0x00000060   Zero   RW           54    .bss..L_MergedGlobals  adc.o
    0x20000080        -       0x00000048   Zero   RW           93    .bss..L_MergedGlobals  spi.o
    0x200000c8   0x08005b14   0x00000008   PAD
    0x200000d0        -       0x0000006c   Zero   RW         1289    .bss..L_MergedGlobals  foc.o
    0x2000013c   0x08005b14   0x00000004   PAD
    0x20000140        -       0x00000044   Zero   RW           94    .bss..L_MergedGlobals.1  spi.o
    0x20000184   0x08005b14   0x0000000c   PAD
    0x20000190        -       0x00000024   Zero   RW         1290    .bss..L_MergedGlobals.1  foc.o
    0x200001b4   0x08005b14   0x0000000c   PAD
    0x200001c0        -       0x00000058   Zero   RW           95    .bss..L_MergedGlobals.2  spi.o
    0x20000218        -       0x00000004   Zero   RW           91    .bss.HAL_SPI_TxRxCpltCallback.encoder_angle_last  spi.o
    0x2000021c        -       0x00000001   Zero   RW           92    .bss.HAL_SPI_TxRxCpltCallback.once  spi.o
    0x2000021d   0x08005b14   0x00000003   PAD
    0x20000220        -       0x00000004   Zero   RW          121    .bss.HAL_TIM_PeriodElapsedCallback.encoder_angle_last  tim.o
    0x20000224        -       0x00000001   Zero   RW          122    .bss.HAL_TIM_PeriodElapsedCallback.once  tim.o
    0x20000225   0x08005b14   0x00000003   PAD
    0x20000228        -       0x00000004   Zero   RW         1308    .bss.encoder_angle  motor_runtime_param.o
    0x2000022c        -       0x00000004   Zero   RW         1309    .bss.encoder_init_angle  motor_runtime_param.o
    0x20000230        -       0x00000048   Zero   RW          119    .bss.htim1          tim.o
    0x20000278        -       0x00000048   Zero   RW          120    .bss.htim3          tim.o
    0x200002c0        -       0x00000048   Zero   RW          142    .bss.huart2         usart.o
    0x20000308        -       0x0000001c   Zero   RW         1287    .bss.motor_control_context  foc.o
    0x20000324        -       0x00000004   Zero   RW         1304    .bss.motor_i_d      motor_runtime_param.o
    0x20000328        -       0x00000004   Zero   RW         1305    .bss.motor_i_q      motor_runtime_param.o
    0x2000032c        -       0x00000004   Zero   RW         1302    .bss.motor_i_u      motor_runtime_param.o
    0x20000330        -       0x00000004   Zero   RW         1303    .bss.motor_i_v      motor_runtime_param.o
    0x20000334        -       0x00000004   Zero   RW         1307    .bss.motor_logic_angle  motor_runtime_param.o
    0x20000338        -       0x00000004   Zero   RW         1306    .bss.motor_speed    motor_runtime_param.o
    0x2000033c        -       0x00000004   Zero   RW         1310    .bss.rotor_zero_angle  motor_runtime_param.o
    0x20000340        -       0x00000400   Zero   RW            1    STACK               startup_stm32f103xb.o


==============================================================================

Image component sizes


      Code (inc. data)   RO Data    RW Data    ZI Data      Debug   Object Name

       974          6          0          0         96       7751   adc.o
        68          0          0          0          0       2074   dma.o
        82          0          0          0          0       1160   filter.o
      1896         32         72          0        172       7371   foc.o
       196          0          0          0          0       2805   gpio.o
       818          8          0          0          0       3717   main.o
         0          0          0          0         36        780   motor_runtime_param.o
      1060         28          0          0        233       6384   spi.o
        36          8        236          0       1024        768   startup_stm32f103xb.o
       180          0          0         12          0       6361   stm32f1xx_hal.o
       834          0          0          0          0      12010   stm32f1xx_hal_adc.o
      1206          0          0          0          0       8718   stm32f1xx_hal_adc_ex.o
       208          0          0          0          0       8436   stm32f1xx_hal_cortex.o
       678          0          0          0          0       7182   stm32f1xx_hal_dma.o
       580         20          0          0          0       4863   stm32f1xx_hal_gpio.o
        66          0          0          0          0       1332   stm32f1xx_hal_msp.o
      1502          4         16          0          0       8105   stm32f1xx_hal_rcc.o
       504         20          0          0          0       3614   stm32f1xx_hal_rcc_ex.o
      1076          0          0          0          0      22624   stm32f1xx_hal_spi.o
      1954          4          0          0          0      51858   stm32f1xx_hal_tim.o
       206          0          0          0          0      19840   stm32f1xx_hal_tim_ex.o
       576          0          0          0          0      25485   stm32f1xx_hal_uart.o
        94          0          0          0          0       1968   stm32f1xx_it.o
         2          0         24          4          0       1703   system_stm32f1xx.o
       744          0          0          0        149       8718   tim.o
       220          0          0          0         72       5295   usart.o

    ----------------------------------------------------------------------
     15882        130        382         16       1836     230922   Object Totals
         0          0         32          0          0          0   (incl. Generated)
       122          0          2          0         54          0   (incl. Padding)

    ----------------------------------------------------------------------

      Code (inc. data)   RO Data    RW Data    ZI Data      Debug   Library Member Name

         0          0       2052          0          0       6294   arm_common_tables.o
       172          0          0          0          0        962   arm_cos_f32.o
        66          0          0          0          0       1042   arm_pid_init_f32.o
       164          0          0          0          0        957   arm_sin_f32.o
         0          0          0          0          0          0   entry.o
         0          0          0          0          0          0   entry10a.o
         0          0          0          0          0          0   entry11a.o
         8          4          0          0          0          0   entry2.o
         4          0          0          0          0          0   entry5.o
         0          0          0          0          0          0   entry7b.o
         0          0          0          0          0          0   entry8b.o
         8          4          0          0          0          0   entry9a.o
        30          0          0          0          0          0   handlers.o
        36          8          0          0          0         68   init.o
         0          0          0          0          0          0   iusefp.o
        30          0          0          0          0         68   llshl.o
        36          0          0          0          0         68   llsshr.o
        32          0          0          0          0         68   llushr.o
      2258         90          0          0          0        452   printfa.o
         0          0          0          4          0          0   stdout.o
        44          0          0          0          0         80   uidiv.o
        98          0          0          0          0         92   uldiv.o
        48          0          0          0          0         68   cdrcmple.o
        56          0          0          0          0         88   d2f.o
       334          0          0          0          0        148   dadd.o
        54          0          0          0          0         80   dcmplt.o
       222          0          0          0          0        100   ddiv.o
       186          0          0          0          0        176   depilogue.o
        48          0          0          0          0         68   dfixul.o
        34          0          0          0          0         76   dflti.o
       228          0          0          0          0         96   dmul.o
        38          0          0          0          0         68   f2d.o
       176          0          0          0          0        140   fadd.o
        28          0          0          0          0         68   fcmpge.o
        28          0          0          0          0         68   fcmpgt.o
        28          0          0          0          0         68   fcmple.o
        28          0          0          0          0         68   fcmplt.o
       124          0          0          0          0         88   fdiv.o
       110          0          0          0          0        168   fepilogue.o
        50          0          0          0          0         68   ffixi.o
        40          0          0          0          0         68   ffixui.o
        18          0          0          0          0         68   fflti.o
        10          0          0          0          0         68   ffltui.o
       100          0          0          0          0         76   fmul.o

    ----------------------------------------------------------------------
      4976        106       2052          4          0      12135   Library Totals
         2          0          0          0          0          0   (incl. Padding)

    ----------------------------------------------------------------------

      Code (inc. data)   RO Data    RW Data    ZI Data      Debug   Library Name

       402          0       2052          0          0       9255   arm_cortexM3l_math.lib
      2584        106          0          4          0        896   mc_w.l
      1988          0          0          0          0       1984   mf_w.l

    ----------------------------------------------------------------------
      4976        106       2052          4          0      12135   Library Totals

    ----------------------------------------------------------------------

==============================================================================


      Code (inc. data)   RO Data    RW Data    ZI Data      Debug   

     20858        236       2434         20       1836     241233   Grand Totals
     20858        236       2434         20       1836     241233   ELF Image Totals
     20858        236       2434         20          0          0   ROM Totals

==============================================================================

    Total RO  Size (Code + RO Data)                23292 (  22.75kB)
    Total RW  Size (RW Data + ZI Data)              1856 (   1.81kB)
    Total ROM Size (Code + RO Data + RW Data)      23312 (  22.77kB)

==============================================================================

